Archive member included to satisfy reference by file (symbol)

/usr/lib/gcc/arm-none-eabi/6.3.1/../../../arm-none-eabi/lib/thumb/v7e-m/fpv4-sp/hard/libc_nano.a(lib_a-atexit.o)
                              /usr/lib/gcc/arm-none-eabi/6.3.1/../../../arm-none-eabi/lib/thumb/v7e-m/fpv4-sp/hard/crt0.o (atexit)
/usr/lib/gcc/arm-none-eabi/6.3.1/../../../arm-none-eabi/lib/thumb/v7e-m/fpv4-sp/hard/libc_nano.a(lib_a-exit.o)
                              /usr/lib/gcc/arm-none-eabi/6.3.1/../../../arm-none-eabi/lib/thumb/v7e-m/fpv4-sp/hard/crt0.o (exit)
/usr/lib/gcc/arm-none-eabi/6.3.1/../../../arm-none-eabi/lib/thumb/v7e-m/fpv4-sp/hard/libc_nano.a(lib_a-fini.o)
                              /usr/lib/gcc/arm-none-eabi/6.3.1/../../../arm-none-eabi/lib/thumb/v7e-m/fpv4-sp/hard/crt0.o (__libc_fini_array)
/usr/lib/gcc/arm-none-eabi/6.3.1/../../../arm-none-eabi/lib/thumb/v7e-m/fpv4-sp/hard/libc_nano.a(lib_a-impure.o)
                              /usr/lib/gcc/arm-none-eabi/6.3.1/../../../arm-none-eabi/lib/thumb/v7e-m/fpv4-sp/hard/libc_nano.a(lib_a-exit.o) (_global_impure_ptr)
/usr/lib/gcc/arm-none-eabi/6.3.1/../../../arm-none-eabi/lib/thumb/v7e-m/fpv4-sp/hard/libc_nano.a(lib_a-init.o)
                              /usr/lib/gcc/arm-none-eabi/6.3.1/../../../arm-none-eabi/lib/thumb/v7e-m/fpv4-sp/hard/crt0.o (__libc_init_array)
/usr/lib/gcc/arm-none-eabi/6.3.1/../../../arm-none-eabi/lib/thumb/v7e-m/fpv4-sp/hard/libc_nano.a(lib_a-malloc.o)
                              build/usbd_cdc.o (malloc)
/usr/lib/gcc/arm-none-eabi/6.3.1/../../../arm-none-eabi/lib/thumb/v7e-m/fpv4-sp/hard/libc_nano.a(lib_a-memcpy.o)
                              build/main.o (memcpy)
/usr/lib/gcc/arm-none-eabi/6.3.1/../../../arm-none-eabi/lib/thumb/v7e-m/fpv4-sp/hard/libc_nano.a(lib_a-memset.o)
                              /usr/lib/gcc/arm-none-eabi/6.3.1/../../../arm-none-eabi/lib/thumb/v7e-m/fpv4-sp/hard/crt0.o (memset)
/usr/lib/gcc/arm-none-eabi/6.3.1/../../../arm-none-eabi/lib/thumb/v7e-m/fpv4-sp/hard/libc_nano.a(lib_a-nano-freer.o)
                              /usr/lib/gcc/arm-none-eabi/6.3.1/../../../arm-none-eabi/lib/thumb/v7e-m/fpv4-sp/hard/libc_nano.a(lib_a-malloc.o) (_free_r)
/usr/lib/gcc/arm-none-eabi/6.3.1/../../../arm-none-eabi/lib/thumb/v7e-m/fpv4-sp/hard/libc_nano.a(lib_a-nano-mallocr.o)
                              /usr/lib/gcc/arm-none-eabi/6.3.1/../../../arm-none-eabi/lib/thumb/v7e-m/fpv4-sp/hard/libc_nano.a(lib_a-malloc.o) (_malloc_r)
/usr/lib/gcc/arm-none-eabi/6.3.1/../../../arm-none-eabi/lib/thumb/v7e-m/fpv4-sp/hard/libc_nano.a(lib_a-printf.o)
                              build/usbd_core.o (printf)
/usr/lib/gcc/arm-none-eabi/6.3.1/../../../arm-none-eabi/lib/thumb/v7e-m/fpv4-sp/hard/libc_nano.a(lib_a-putchar.o)
                              build/usbd_core.o (putchar)
/usr/lib/gcc/arm-none-eabi/6.3.1/../../../arm-none-eabi/lib/thumb/v7e-m/fpv4-sp/hard/libc_nano.a(lib_a-rand.o)
                              build/main.o (srand)
/usr/lib/gcc/arm-none-eabi/6.3.1/../../../arm-none-eabi/lib/thumb/v7e-m/fpv4-sp/hard/libc_nano.a(lib_a-sbrkr.o)
                              /usr/lib/gcc/arm-none-eabi/6.3.1/../../../arm-none-eabi/lib/thumb/v7e-m/fpv4-sp/hard/libc_nano.a(lib_a-nano-mallocr.o) (_sbrk_r)
/usr/lib/gcc/arm-none-eabi/6.3.1/../../../arm-none-eabi/lib/thumb/v7e-m/fpv4-sp/hard/libc_nano.a(lib_a-__atexit.o)
                              /usr/lib/gcc/arm-none-eabi/6.3.1/../../../arm-none-eabi/lib/thumb/v7e-m/fpv4-sp/hard/libc_nano.a(lib_a-atexit.o) (__register_exitproc)
/usr/lib/gcc/arm-none-eabi/6.3.1/../../../arm-none-eabi/lib/thumb/v7e-m/fpv4-sp/hard/libc_nano.a(lib_a-__call_atexit.o)
                              /usr/lib/gcc/arm-none-eabi/6.3.1/../../../arm-none-eabi/lib/thumb/v7e-m/fpv4-sp/hard/libc_nano.a(lib_a-__atexit.o) (__call_exitprocs)
/usr/lib/gcc/arm-none-eabi/6.3.1/../../../arm-none-eabi/lib/thumb/v7e-m/fpv4-sp/hard/libc_nano.a(lib_a-findfp.o)
                              /usr/lib/gcc/arm-none-eabi/6.3.1/../../../arm-none-eabi/lib/thumb/v7e-m/fpv4-sp/hard/libc_nano.a(lib_a-printf.o) (__sinit)
/usr/lib/gcc/arm-none-eabi/6.3.1/../../../arm-none-eabi/lib/thumb/v7e-m/fpv4-sp/hard/libc_nano.a(lib_a-fwalk.o)
                              /usr/lib/gcc/arm-none-eabi/6.3.1/../../../arm-none-eabi/lib/thumb/v7e-m/fpv4-sp/hard/libc_nano.a(lib_a-findfp.o) (_fwalk)
/usr/lib/gcc/arm-none-eabi/6.3.1/../../../arm-none-eabi/lib/thumb/v7e-m/fpv4-sp/hard/libc_nano.a(lib_a-nano-vfprintf.o)
                              /usr/lib/gcc/arm-none-eabi/6.3.1/../../../arm-none-eabi/lib/thumb/v7e-m/fpv4-sp/hard/libc_nano.a(lib_a-printf.o) (_vfprintf_r)
/usr/lib/gcc/arm-none-eabi/6.3.1/../../../arm-none-eabi/lib/thumb/v7e-m/fpv4-sp/hard/libc_nano.a(lib_a-nano-vfprintf_i.o)
                              /usr/lib/gcc/arm-none-eabi/6.3.1/../../../arm-none-eabi/lib/thumb/v7e-m/fpv4-sp/hard/libc_nano.a(lib_a-nano-vfprintf.o) (_printf_i)
/usr/lib/gcc/arm-none-eabi/6.3.1/../../../arm-none-eabi/lib/thumb/v7e-m/fpv4-sp/hard/libc_nano.a(lib_a-putc.o)
[...]
Memory Configuration

Name             Origin             Length             Attributes
RAM              0x0000000020000000 0x0000000000050000 xrw
FLASH            0x0000000008000000 0x0000000000100000 xr
*default*        0x0000000000000000 0xffffffffffffffff

Linker script and memory map

LOAD /usr/lib/gcc/arm-none-eabi/6.3.1/thumb/v7e-m/fpv4-sp/hard/crti.o
LOAD /usr/lib/gcc/arm-none-eabi/6.3.1/thumb/v7e-m/fpv4-sp/hard/crtbegin.o
LOAD /usr/lib/gcc/arm-none-eabi/6.3.1/../../../arm-none-eabi/lib/thumb/v7e-m/fpv4-sp/hard/crt0.o
LOAD build/main.o
LOAD build/stm32f7xx_it.o
LOAD build/stm32f7xx_hal_msp.o
LOAD build/stm32f7xx_hal_cortex.o
LOAD build/stm32f7xx_hal_tim.o
LOAD build/stm32f7xx_hal_tim_ex.o
LOAD build/stm32f7xx_hal_rcc.o
LOAD build/stm32f7xx_hal_rcc_ex.o
LOAD build/stm32f7xx_hal_flash.o
LOAD build/stm32f7xx_hal_flash_ex.o
LOAD build/stm32f7xx_hal_gpio.o
LOAD build/stm32f7xx_hal_dma.o
LOAD build/stm32f7xx_hal_dma_ex.o
LOAD build/stm32f7xx_hal_pwr.o
LOAD build/stm32f7xx_hal_pwr_ex.o
LOAD build/stm32f7xx_hal.o
LOAD build/stm32f7xx_hal_i2c.o
LOAD build/stm32f7xx_hal_i2c_ex.o
LOAD build/stm32f7xx_hal_exti.o
LOAD build/system_stm32f7xx.o
LOAD build/usb_device.o
LOAD build/usbd_conf.o
LOAD build/usbd_desc.o
LOAD build/usbd_cdc_if.o
LOAD build/stm32f7xx_hal_pcd.o
LOAD build/stm32f7xx_hal_pcd_ex.o
LOAD build/stm32f7xx_ll_usb.o
LOAD build/usbd_core.o
LOAD build/usbd_ctlreq.o
LOAD build/usbd_ioreq.o
LOAD build/usbd_cdc.o
LOAD build/startup_stm32f746xx.o
LOAD /usr/lib/gcc/arm-none-eabi/6.3.1/../../../arm-none-eabi/lib/thumb/v7e-m/fpv4-sp/hard/libc_nano.a
LOAD /usr/lib/gcc/arm-none-eabi/6.3.1/../../../arm-none-eabi/lib/thumb/v7e-m/fpv4-sp/hard/libm.a
LOAD /usr/lib/gcc/arm-none-eabi/6.3.1/../../../arm-none-eabi/lib/thumb/v7e-m/fpv4-sp/hard/libnosys.a
START GROUP
LOAD /usr/lib/gcc/arm-none-eabi/6.3.1/thumb/v7e-m/fpv4-sp/hard/libgcc.a
LOAD /usr/lib/gcc/arm-none-eabi/6.3.1/../../../arm-none-eabi/lib/thumb/v7e-m/fpv4-sp/hard/libc_nano.a
END GROUP
START GROUP
LOAD /usr/lib/gcc/arm-none-eabi/6.3.1/thumb/v7e-m/fpv4-sp/hard/libgcc.a
LOAD /usr/lib/gcc/arm-none-eabi/6.3.1/../../../arm-none-eabi/lib/thumb/v7e-m/fpv4-sp/hard/libc_nano.a
END GROUP
LOAD /usr/lib/gcc/arm-none-eabi/6.3.1/thumb/v7e-m/fpv4-sp/hard/crtend.o
LOAD /usr/lib/gcc/arm-none-eabi/6.3.1/thumb/v7e-m/fpv4-sp/hard/crtn.o
                0x0000000020050000                _estack = 0x20050000
                0x0000000000000200                _Min_Heap_Size = 0x200
                0x0000000000000400                _Min_Stack_Size = 0x400

.isr_vector     0x0000000008000000      0x1c8
                0x0000000008000000                . = ALIGN (0x4)
 *(.isr_vector)
 .isr_vector    0x0000000008000000      0x1c8 build/startup_stm32f746xx.o
                0x0000000008000000                g_pfnVectors
                0x00000000080001c8                . = ALIGN (0x4)

.text           0x00000000080001d0     0x603c
                0x00000000080001d0                . = ALIGN (0x4)
 *(.text)
 .text          0x00000000080001d0       0xa4 /usr/lib/gcc/arm-none-eabi/6.3.1/thumb/v7e-m/fpv4-sp/hard/crtbegin.o
 .text          0x0000000008000274       0x50 /usr/lib/gcc/arm-none-eabi/6.3.1/../../../arm-none-eabi/lib/thumb/v7e-m/fpv4-sp/hard/libc_nano.a(lib_a-init.o)
                0x0000000008000274                __libc_init_array
 .text          0x00000000080002c4       0x20 /usr/lib/gcc/arm-none-eabi/6.3.1/../../../arm-none-eabi/lib/thumb/v7e-m/fpv4-sp/hard/libc_nano.a(lib_a-malloc.o)
                0x00000000080002c4                malloc
                0x00000000080002d4                free
 .text          0x00000000080002e4      0x134 /usr/lib/gcc/arm-none-eabi/6.3.1/../../../arm-none-eabi/lib/thumb/v7e-m/fpv4-sp/hard/libc_nano.a(lib_a-memcpy.o)
                0x00000000080002e4                memcpy
 .text          0x0000000008000418       0x9c /usr/lib/gcc/arm-none-eabi/6.3.1/../../../arm-none-eabi/lib/thumb/v7e-m/fpv4-sp/hard/libc_nano.a(lib_a-memset.o)
                0x0000000008000418                memset
 .text          0x00000000080004b4       0x90 /usr/lib/gcc/arm-none-eabi/6.3.1/../../../arm-none-eabi/lib/thumb/v7e-m/fpv4-sp/hard/libc_nano.a(lib_a-nano-freer.o)
                0x00000000080004b4                _free_r
 .text          0x0000000008000544       0xbc /usr/lib/gcc/arm-none-eabi/6.3.1/../../../arm-none-eabi/lib/thumb/v7e-m/fpv4-sp/hard/libc_nano.a(lib_a-nano-mallocr.o)
                0x0000000008000544                _malloc_r
 .text          0x0000000008000600       0x60 /usr/lib/gcc/arm-none-eabi/6.3.1/../../../arm-none-eabi/lib/thumb/v7e-m/fpv4-sp/hard/libc_nano.a(lib_a-printf.o)
                0x0000000008000600                _printf_r
                0x0000000008000600                _iprintf_r
                0x000000000800062c                printf
                0x000000000800062c                iprintf
 .text          0x0000000008000660       0x4c /usr/lib/gcc/arm-none-eabi/6.3.1/../../../arm-none-eabi/lib/thumb/v7e-m/fpv4-sp/hard/libc_nano.a(lib_a-putchar.o)
                0x0000000008000660                _putchar_r
                0x0000000008000684                putchar
 *fill*         0x00000000080006ac        0x4 
 .text          0x00000000080006b0       0xe4 /usr/lib/gcc/arm-none-eabi/6.3.1/../../../arm-none-eabi/lib/thumb/v7e-m/fpv4-sp/hard/libc_nano.a(lib_a-rand.o)
                0x00000000080006b0                srand
                0x0000000008000708                rand
 .text          0x0000000008000794       0x24 /usr/lib/gcc/arm-none-eabi/6.3.1/../../../arm-none-eabi/lib/thumb/v7e-m/fpv4-sp/hard/libc_nano.a(lib_a-sbrkr.o)
                0x0000000008000794                _sbrk_r
 .text          0x00000000080007b8      0x230 /usr/lib/gcc/arm-none-eabi/6.3.1/../../../arm-none-eabi/lib/thumb/v7e-m/fpv4-sp/hard/libc_nano.a(lib_a-findfp.o)
                0x00000000080007bc                _cleanup_r
                0x00000000080007cc                __sfmoreglue
                0x00000000080007fc                __sfp
                0x0000000008000994                _cleanup
                0x00000000080009a8                __sinit
                0x00000000080009b0                __sfp_lock_acquire
                0x00000000080009b4                __sfp_lock_release
                0x00000000080009b8                __sinit_lock_acquire
                0x00000000080009bc                __sinit_lock_release
                0x00000000080009c0                __fp_lock_all
                0x00000000080009d4                __fp_unlock_all
 .text          0x00000000080009e8       0xa0 /usr/lib/gcc/arm-none-eabi/6.3.1/../../../arm-none-eabi/lib/thumb/v7e-m/fpv4-sp/hard/libc_nano.a(lib_a-fwalk.o)
                0x00000000080009e8                _fwalk
                0x0000000008000a34                _fwalk_reent
 .text          0x0000000008000a88      0x2f8 /usr/lib/gcc/arm-none-eabi/6.3.1/../../../arm-none-eabi/lib/thumb/v7e-m/fpv4-sp/hard/libc_nano.a(lib_a-nano-vfprintf.o)
                0x0000000008000abc                __sfputs_r
                0x0000000008000ae8                __sprint_r
                0x0000000008000b04                _vfiprintf_r
                0x0000000008000b04                _vfprintf_r
                0x0000000008000d68                vfiprintf
                0x0000000008000d68                vfprintf
 .text          0x0000000008000d80      0x3d4 /usr/lib/gcc/arm-none-eabi/6.3.1/../../../arm-none-eabi/lib/thumb/v7e-m/fpv4-sp/hard/libc_nano.a(lib_a-nano-vfprintf_i.o)
                0x0000000008000d80                _printf_common
                0x0000000008000eb4                _printf_i
 .text          0x0000000008001154       0xe8 /usr/lib/gcc/arm-none-eabi/6.3.1/../../../arm-none-eabi/lib/thumb/v7e-m/fpv4-sp/hard/libc_nano.a(lib_a-putc.o)
                0x0000000008001154                _putc_r
                0x00000000080011c4                putc
 .text          0x000000000800123c       0x8c /usr/lib/gcc/arm-none-eabi/6.3.1/../../../arm-none-eabi/lib/thumb/v7e-m/fpv4-sp/hard/libc_nano.a(lib_a-stdio.o)
                0x000000000800123c                __sread
                0x0000000008001260                __seofread
                0x0000000008001264                __swrite
                0x00000000080012a0                __sseek
                0x00000000080012c0                __sclose
 .text          0x00000000080012c8       0xc4 /usr/lib/gcc/arm-none-eabi/6.3.1/../../../arm-none-eabi/lib/thumb/v7e-m/fpv4-sp/hard/libc_nano.a(lib_a-wbuf.o)
                0x00000000080012c8                __swbuf_r
                0x000000000800137c                __swbuf
 .text          0x000000000800138c       0x2c /usr/lib/gcc/arm-none-eabi/6.3.1/../../../arm-none-eabi/lib/thumb/v7e-m/fpv4-sp/hard/libc_nano.a(lib_a-writer.o)
                0x000000000800138c                _write_r
 .text          0x00000000080013b8       0xf4 /usr/lib/gcc/arm-none-eabi/6.3.1/../../../arm-none-eabi/lib/thumb/v7e-m/fpv4-sp/hard/libc_nano.a(lib_a-wsetup.o)
                0x00000000080013b8                __swsetup_r
 .text          0x00000000080014ac       0x24 /usr/lib/gcc/arm-none-eabi/6.3.1/../../../arm-none-eabi/lib/thumb/v7e-m/fpv4-sp/hard/libc_nano.a(lib_a-closer.o)
                0x00000000080014ac                _close_r
 .text          0x00000000080014d0      0x1b0 /usr/lib/gcc/arm-none-eabi/6.3.1/../../../arm-none-eabi/lib/thumb/v7e-m/fpv4-sp/hard/libc_nano.a(lib_a-fflush.o)
                0x00000000080014d0                __sflush_r
                0x00000000080015f8                _fflush_r
                0x000000000800165c                fflush
 .text          0x0000000008001680      0x2f0 /usr/lib/gcc/arm-none-eabi/6.3.1/../../../arm-none-eabi/lib/thumb/v7e-m/fpv4-sp/hard/libc_nano.a(lib_a-fvwrite.o)
                0x0000000008001680                __sfvwrite_r
 .text          0x0000000008001970       0x2c /usr/lib/gcc/arm-none-eabi/6.3.1/../../../arm-none-eabi/lib/thumb/v7e-m/fpv4-sp/hard/libc_nano.a(lib_a-lseekr.o)
                0x0000000008001970                _lseek_r
 .text          0x000000000800199c       0xe4 /usr/lib/gcc/arm-none-eabi/6.3.1/../../../arm-none-eabi/lib/thumb/v7e-m/fpv4-sp/hard/libc_nano.a(lib_a-makebuf.o)
                0x000000000800199c                __swhatbuf_r
                0x00000000080019f8                __smakebuf_r
 .text          0x0000000008001a80       0xa0 /usr/lib/gcc/arm-none-eabi/6.3.1/../../../arm-none-eabi/lib/thumb/v7e-m/fpv4-sp/hard/libc_nano.a(lib_a-memchr.o)
                0x0000000008001a80                memchr
 .text          0x0000000008001b20       0xc8 /usr/lib/gcc/arm-none-eabi/6.3.1/../../../arm-none-eabi/lib/thumb/v7e-m/fpv4-sp/hard/libc_nano.a(lib_a-memmove.o)
                0x0000000008001b20                memmove
 .text          0x0000000008001be8       0x50 /usr/lib/gcc/arm-none-eabi/6.3.1/../../../arm-none-eabi/lib/thumb/v7e-m/fpv4-sp/hard/libc_nano.a(lib_a-nano-reallocr.o)
                0x0000000008001be8                _realloc_r
 .text          0x0000000008001c38       0x2c /usr/lib/gcc/arm-none-eabi/6.3.1/../../../arm-none-eabi/lib/thumb/v7e-m/fpv4-sp/hard/libc_nano.a(lib_a-readr.o)
                0x0000000008001c38                _read_r
 .text          0x0000000008001c64       0x28 /usr/lib/gcc/arm-none-eabi/6.3.1/../../../arm-none-eabi/lib/thumb/v7e-m/fpv4-sp/hard/libc_nano.a(lib_a-fstatr.o)
                0x0000000008001c64                _fstat_r
 .text          0x0000000008001c8c       0x24 /usr/lib/gcc/arm-none-eabi/6.3.1/../../../arm-none-eabi/lib/thumb/v7e-m/fpv4-sp/hard/libc_nano.a(lib_a-isattyr.o)
                0x0000000008001c8c                _isatty_r
 .text          0x0000000008001cb0       0x14 /usr/lib/gcc/arm-none-eabi/6.3.1/../../../arm-none-eabi/lib/thumb/v7e-m/fpv4-sp/hard/libc_nano.a(lib_a-nano-msizer.o)
                0x0000000008001cb0                _malloc_usable_size_r
 .text          0x0000000008001cc4       0x10 /usr/lib/gcc/arm-none-eabi/6.3.1/../../../arm-none-eabi/lib/thumb/v7e-m/fpv4-sp/hard/libnosys.a(close.o)
                0x0000000008001cc4                _close
 .text          0x0000000008001cd4       0x10 /usr/lib/gcc/arm-none-eabi/6.3.1/../../../arm-none-eabi/lib/thumb/v7e-m/fpv4-sp/hard/libnosys.a(fstat.o)
                0x0000000008001cd4                _fstat
 .text          0x0000000008001ce4       0x10 /usr/lib/gcc/arm-none-eabi/6.3.1/../../../arm-none-eabi/lib/thumb/v7e-m/fpv4-sp/hard/libnosys.a(isatty.o)
                0x0000000008001ce4                _isatty
 .text          0x0000000008001cf4       0x10 /usr/lib/gcc/arm-none-eabi/6.3.1/../../../arm-none-eabi/lib/thumb/v7e-m/fpv4-sp/hard/libnosys.a(lseek.o)
                0x0000000008001cf4                _lseek
 .text          0x0000000008001d04       0x10 /usr/lib/gcc/arm-none-eabi/6.3.1/../../../arm-none-eabi/lib/thumb/v7e-m/fpv4-sp/hard/libnosys.a(read.o)
                0x0000000008001d04                _read
 .text          0x0000000008001d14       0x1c /usr/lib/gcc/arm-none-eabi/6.3.1/../../../arm-none-eabi/lib/thumb/v7e-m/fpv4-sp/hard/libnosys.a(sbrk.o)
                0x0000000008001d14                _sbrk
 .text          0x0000000008001d30       0x10 /usr/lib/gcc/arm-none-eabi/6.3.1/../../../arm-none-eabi/lib/thumb/v7e-m/fpv4-sp/hard/libnosys.a(write.o)
                0x0000000008001d30                _write
 .text          0x0000000008001d40       0x30 /usr/lib/gcc/arm-none-eabi/6.3.1/thumb/v7e-m/fpv4-sp/hard/libgcc.a(_aeabi_uldivmod.o)
                0x0000000008001d40                __aeabi_uldivmod
 .text          0x0000000008001d70      0x2dc /usr/lib/gcc/arm-none-eabi/6.3.1/thumb/v7e-m/fpv4-sp/hard/libgcc.a(_udivmoddi4.o)
                0x0000000008001d70                __udivmoddi4
 .text          0x000000000800204c        0x4 /usr/lib/gcc/arm-none-eabi/6.3.1/thumb/v7e-m/fpv4-sp/hard/libgcc.a(_dvmd_tls.o)
                0x000000000800204c                __aeabi_ldiv0
                0x000000000800204c                __aeabi_idiv0
 *(.text*)
 .text.MX_GPIO_Init
                0x0000000008002050       0xe0 build/main.o
 .text.MX_TIM2_Init
                0x0000000008002130       0x58 build/main.o
 .text.HAL_TIM_PeriodElapsedCallback
                0x0000000008002188       0x1c build/main.o
                0x0000000008002188                HAL_TIM_PeriodElapsedCallback
 .text.SystemClock_Config
                0x00000000080021a4       0xb0 build/main.o
                0x00000000080021a4                SystemClock_Config
 .text.crc8_check
                0x0000000008002254       0x34 build/main.o
                0x0000000008002254                crc8_check
 .text.recive_msg
                0x0000000008002288       0x88 build/main.o
                0x0000000008002288                recive_msg
 .text.main     0x0000000008002310       0xbc build/main.o
                0x0000000008002310                main
 .text.Error_Handler
                0x00000000080023cc        0x2 build/main.o
                0x00000000080023cc                Error_Handler
 .text.NMI_Handler
                0x00000000080023ce        0x2 build/stm32f7xx_it.o
                0x00000000080023ce                NMI_Handler
 .text.HardFault_Handler
                0x00000000080023d0        0x2 build/stm32f7xx_it.o
                0x00000000080023d0                HardFault_Handler
 .text.MemManage_Handler
                0x00000000080023d2        0x2 build/stm32f7xx_it.o
                0x00000000080023d2                MemManage_Handler
 .text.BusFault_Handler
                0x00000000080023d4        0x2 build/stm32f7xx_it.o
                0x00000000080023d4                BusFault_Handler
 .text.UsageFault_Handler
                0x00000000080023d6        0x2 build/stm32f7xx_it.o
                0x00000000080023d6                UsageFault_Handler
 .text.SVC_Handler
                0x00000000080023d8        0x2 build/stm32f7xx_it.o
                0x00000000080023d8                SVC_Handler
 .text.DebugMon_Handler
                0x00000000080023da        0x2 build/stm32f7xx_it.o
                0x00000000080023da                DebugMon_Handler
 .text.PendSV_Handler
                0x00000000080023dc        0x2 build/stm32f7xx_it.o
                0x00000000080023dc                PendSV_Handler
 .text.SysTick_Handler
                0x00000000080023de        0x8 build/stm32f7xx_it.o
                0x00000000080023de                SysTick_Handler
 *fill*         0x00000000080023e6        0x2 
 .text.TIM2_IRQHandler
                0x00000000080023e8       0x10 build/stm32f7xx_it.o
                0x00000000080023e8                TIM2_IRQHandler
 .text.OTG_FS_IRQHandler
                0x00000000080023f8       0x10 build/stm32f7xx_it.o
                0x00000000080023f8                OTG_FS_IRQHandler
 .text.HAL_MspInit
                0x0000000008002408       0x30 build/stm32f7xx_hal_msp.o
                0x0000000008002408                HAL_MspInit
 .text.HAL_TIM_Base_MspInit
                0x0000000008002438       0x3a build/stm32f7xx_hal_msp.o
                0x0000000008002438                HAL_TIM_Base_MspInit
 *fill*         0x0000000008002472        0x2 
 .text.HAL_NVIC_SetPriorityGrouping
                0x0000000008002474       0x24 build/stm32f7xx_hal_cortex.o
                0x0000000008002474                HAL_NVIC_SetPriorityGrouping
 .text.HAL_NVIC_SetPriority
                0x0000000008002498       0x60 build/stm32f7xx_hal_cortex.o
                0x0000000008002498                HAL_NVIC_SetPriority
 .text.HAL_NVIC_EnableIRQ
                0x00000000080024f8       0x1c build/stm32f7xx_hal_cortex.o
                0x00000000080024f8                HAL_NVIC_EnableIRQ
 .text.HAL_SYSTICK_Config
                0x0000000008002514       0x2c build/stm32f7xx_hal_cortex.o
                0x0000000008002514                HAL_SYSTICK_Config
 .text.TIM_TI1_ConfigInputStage
                0x0000000008002540       0x26 build/stm32f7xx_hal_tim.o
 .text.TIM_TI2_ConfigInputStage
                0x0000000008002566       0x28 build/stm32f7xx_hal_tim.o
 .text.TIM_ITRx_SetConfig
                0x000000000800258e       0x10 build/stm32f7xx_hal_tim.o
 *fill*         0x000000000800259e        0x2 
 .text.HAL_TIM_Base_Start_IT
                0x00000000080025a0       0x2c build/stm32f7xx_hal_tim.o
                0x00000000080025a0                HAL_TIM_Base_Start_IT
 .text.HAL_TIM_OC_DelayElapsedCallback
                0x00000000080025cc        0x2 build/stm32f7xx_hal_tim.o
                0x00000000080025cc                HAL_TIM_OC_DelayElapsedCallback
 .text.HAL_TIM_IC_CaptureCallback
                0x00000000080025ce        0x2 build/stm32f7xx_hal_tim.o
                0x00000000080025ce                HAL_TIM_IC_CaptureCallback
 .text.HAL_TIM_PWM_PulseFinishedCallback
                0x00000000080025d0        0x2 build/stm32f7xx_hal_tim.o
                0x00000000080025d0                HAL_TIM_PWM_PulseFinishedCallback
 .text.HAL_TIM_TriggerCallback
                0x00000000080025d2        0x2 build/stm32f7xx_hal_tim.o
                0x00000000080025d2                HAL_TIM_TriggerCallback
 .text.HAL_TIM_IRQHandler
                0x00000000080025d4      0x19a build/stm32f7xx_hal_tim.o
                0x00000000080025d4                HAL_TIM_IRQHandler
 *fill*         0x000000000800276e        0x2 
 .text.TIM_Base_SetConfig
                0x0000000008002770      0x10c build/stm32f7xx_hal_tim.o
                0x0000000008002770                TIM_Base_SetConfig
 .text.HAL_TIM_Base_Init
                0x000000000800287c       0x32 build/stm32f7xx_hal_tim.o
                0x000000000800287c                HAL_TIM_Base_Init
 .text.TIM_ETR_SetConfig
                0x00000000080028ae       0x18 build/stm32f7xx_hal_tim.o
                0x00000000080028ae                TIM_ETR_SetConfig
 *fill*         0x00000000080028c6        0x2 
 .text.HAL_TIM_ConfigClockSource
                0x00000000080028c8       0xdc build/stm32f7xx_hal_tim.o
                0x00000000080028c8                HAL_TIM_ConfigClockSource
 .text.HAL_TIMEx_MasterConfigSynchronization
                0x00000000080029a4       0x64 build/stm32f7xx_hal_tim_ex.o
                0x00000000080029a4                HAL_TIMEx_MasterConfigSynchronization
 .text.HAL_TIMEx_CommutCallback
                0x0000000008002a08        0x2 build/stm32f7xx_hal_tim_ex.o
                0x0000000008002a08                HAL_TIMEx_CommutCallback
 .text.HAL_TIMEx_BreakCallback
                0x0000000008002a0a        0x2 build/stm32f7xx_hal_tim_ex.o
                0x0000000008002a0a                HAL_TIMEx_BreakCallback
 .text.HAL_TIMEx_Break2Callback
                0x0000000008002a0c        0x2 build/stm32f7xx_hal_tim_ex.o
                0x0000000008002a0c                HAL_TIMEx_Break2Callback
 *fill*         0x0000000008002a0e        0x2 
 .text.HAL_RCC_OscConfig
                0x0000000008002a10      0x3d4 build/stm32f7xx_hal_rcc.o
                0x0000000008002a10                HAL_RCC_OscConfig
 .text.HAL_RCC_GetSysClockFreq
                0x0000000008002de4       0xa4 build/stm32f7xx_hal_rcc.o
                0x0000000008002de4                HAL_RCC_GetSysClockFreq
 .text.HAL_RCC_ClockConfig
                0x0000000008002e88      0x164 build/stm32f7xx_hal_rcc.o
                0x0000000008002e88                HAL_RCC_ClockConfig
 .text.HAL_RCC_GetHCLKFreq
                0x0000000008002fec        0xc build/stm32f7xx_hal_rcc.o
                0x0000000008002fec                HAL_RCC_GetHCLKFreq
 .text.HAL_RCCEx_PeriphCLKConfig
                0x0000000008002ff8      0x5ac build/stm32f7xx_hal_rcc_ex.o
                0x0000000008002ff8                HAL_RCCEx_PeriphCLKConfig
 .text.HAL_GPIO_Init
                0x00000000080035a4      0x1dc build/stm32f7xx_hal_gpio.o
                0x00000000080035a4                HAL_GPIO_Init
 .text.HAL_GPIO_WritePin
                0x0000000008003780        0xc build/stm32f7xx_hal_gpio.o
                0x0000000008003780                HAL_GPIO_WritePin
 .text.HAL_GPIO_TogglePin
                0x000000000800378c       0x12 build/stm32f7xx_hal_gpio.o
                0x000000000800378c                HAL_GPIO_TogglePin
 *fill*         0x000000000800379e        0x2 
 .text.HAL_PWREx_EnableOverDrive
                0x00000000080037a0       0x7c build/stm32f7xx_hal_pwr_ex.o
                0x00000000080037a0                HAL_PWREx_EnableOverDrive
 .text.HAL_InitTick
                0x000000000800381c       0x4c build/stm32f7xx_hal.o
                0x000000000800381c                HAL_InitTick
 .text.HAL_Init
                0x0000000008003868       0x16 build/stm32f7xx_hal.o
                0x0000000008003868                HAL_Init
 *fill*         0x000000000800387e        0x2 
 .text.HAL_IncTick
                0x0000000008003880       0x18 build/stm32f7xx_hal.o
                0x0000000008003880                HAL_IncTick
 .text.HAL_GetTick
                0x0000000008003898        0xc build/stm32f7xx_hal.o
                0x0000000008003898                HAL_GetTick
 .text.HAL_Delay
                0x00000000080038a4       0x28 build/stm32f7xx_hal.o
                0x00000000080038a4                HAL_Delay
 .text.SystemInit
                0x00000000080038cc       0x50 build/system_stm32f7xx.o
                0x00000000080038cc                SystemInit
 .text.MX_USB_DEVICE_Init
                0x000000000800391c       0x54 build/usb_device.o
                0x000000000800391c                MX_USB_DEVICE_Init
 .text.SystemClockConfig_Resume
                0x0000000008003970        0x8 build/usbd_conf.o
 .text.HAL_PCD_MspInit
                0x0000000008003978       0x88 build/usbd_conf.o
                0x0000000008003978                HAL_PCD_MspInit
 .text.HAL_PCD_SetupStageCallback
                0x0000000008003a00       0x10 build/usbd_conf.o
                0x0000000008003a00                HAL_PCD_SetupStageCallback
 .text.HAL_PCD_DataOutStageCallback
                0x0000000008003a10       0x18 build/usbd_conf.o
                0x0000000008003a10                HAL_PCD_DataOutStageCallback
 .text.HAL_PCD_DataInStageCallback
                0x0000000008003a28       0x16 build/usbd_conf.o
                0x0000000008003a28                HAL_PCD_DataInStageCallback
 .text.HAL_PCD_SOFCallback
                0x0000000008003a3e        0xc build/usbd_conf.o
                0x0000000008003a3e                HAL_PCD_SOFCallback
 .text.HAL_PCD_ResetCallback
                0x0000000008003a4a       0x2c build/usbd_conf.o
                0x0000000008003a4a                HAL_PCD_ResetCallback
 *fill*         0x0000000008003a76        0x2 
 .text.HAL_PCD_SuspendCallback
                0x0000000008003a78       0x30 build/usbd_conf.o
                0x0000000008003a78                HAL_PCD_SuspendCallback
 .text.HAL_PCD_ResumeCallback
                0x0000000008003aa8        0xc build/usbd_conf.o
                0x0000000008003aa8                HAL_PCD_ResumeCallback
 .text.HAL_PCD_ISOOUTIncompleteCallback
                0x0000000008003ab4        0xc build/usbd_conf.o
                0x0000000008003ab4                HAL_PCD_ISOOUTIncompleteCallback
 .text.HAL_PCD_ISOINIncompleteCallback
                0x0000000008003ac0        0xc build/usbd_conf.o
                0x0000000008003ac0                HAL_PCD_ISOINIncompleteCallback
 .text.HAL_PCD_ConnectCallback
                0x0000000008003acc        0xc build/usbd_conf.o
                0x0000000008003acc                HAL_PCD_ConnectCallback
 .text.HAL_PCD_DisconnectCallback
                0x0000000008003ad8        0xc build/usbd_conf.o
                0x0000000008003ad8                HAL_PCD_DisconnectCallback
 .text.USBD_LL_Init
                0x0000000008003ae4       0x68 build/usbd_conf.o
                0x0000000008003ae4                USBD_LL_Init
 .text.USBD_LL_IsStallEP
                0x0000000008003b4c       0x2e build/usbd_conf.o
                0x0000000008003b4c                USBD_LL_IsStallEP
 .text.USBD_LL_GetRxDataSize
                0x0000000008003b7a        0xc build/usbd_conf.o
                0x0000000008003b7a                USBD_LL_GetRxDataSize
 *fill*         0x0000000008003b86        0x2 
 .text.HAL_PCDEx_LPM_Callback
                0x0000000008003b88       0x64 build/usbd_conf.o
                0x0000000008003b88                HAL_PCDEx_LPM_Callback
 .text.USBD_Get_USB_Status
                0x0000000008003bec       0x12 build/usbd_conf.o
                0x0000000008003bec                USBD_Get_USB_Status
 .text.USBD_LL_Start
                0x0000000008003bfe       0x10 build/usbd_conf.o
                0x0000000008003bfe                USBD_LL_Start
 .text.USBD_LL_OpenEP
                0x0000000008003c0e       0x16 build/usbd_conf.o
                0x0000000008003c0e                USBD_LL_OpenEP
 .text.USBD_LL_CloseEP
                0x0000000008003c24       0x10 build/usbd_conf.o
                0x0000000008003c24                USBD_LL_CloseEP
 .text.USBD_LL_StallEP
                0x0000000008003c34       0x10 build/usbd_conf.o
                0x0000000008003c34                USBD_LL_StallEP
 .text.USBD_LL_ClearStallEP
                0x0000000008003c44       0x10 build/usbd_conf.o
                0x0000000008003c44                USBD_LL_ClearStallEP
 .text.USBD_LL_SetUSBAddress
                0x0000000008003c54       0x10 build/usbd_conf.o
                0x0000000008003c54                USBD_LL_SetUSBAddress
 .text.USBD_LL_Transmit
                0x0000000008003c64       0x10 build/usbd_conf.o
                0x0000000008003c64                USBD_LL_Transmit
 .text.USBD_LL_PrepareReceive
                0x0000000008003c74       0x10 build/usbd_conf.o
                0x0000000008003c74                USBD_LL_PrepareReceive
 .text.USBD_FS_DeviceDescriptor
                0x0000000008003c84        0xc build/usbd_desc.o
                0x0000000008003c84                USBD_FS_DeviceDescriptor
 .text.USBD_FS_LangIDStrDescriptor
                0x0000000008003c90        0xc build/usbd_desc.o
                0x0000000008003c90                USBD_FS_LangIDStrDescriptor
 .text.USBD_FS_USR_BOSDescriptor
                0x0000000008003c9c        0xc build/usbd_desc.o
                0x0000000008003c9c                USBD_FS_USR_BOSDescriptor
 .text.IntToUnicode
                0x0000000008003ca8       0x36 build/usbd_desc.o
 *fill*         0x0000000008003cde        0x2 
 .text.Get_SerialNum
                0x0000000008003ce0       0x34 build/usbd_desc.o
 .text.USBD_FS_SerialStrDescriptor
                0x0000000008003d14       0x14 build/usbd_desc.o
                0x0000000008003d14                USBD_FS_SerialStrDescriptor
 .text.USBD_FS_ProductStrDescriptor
                0x0000000008003d28       0x24 build/usbd_desc.o
                0x0000000008003d28                USBD_FS_ProductStrDescriptor
 .text.USBD_FS_ManufacturerStrDescriptor
                0x0000000008003d4c       0x1c build/usbd_desc.o
                0x0000000008003d4c                USBD_FS_ManufacturerStrDescriptor
 .text.USBD_FS_ConfigStrDescriptor
                0x0000000008003d68       0x24 build/usbd_desc.o
                0x0000000008003d68                USBD_FS_ConfigStrDescriptor
 .text.USBD_FS_InterfaceStrDescriptor
                0x0000000008003d8c       0x24 build/usbd_desc.o
                0x0000000008003d8c                USBD_FS_InterfaceStrDescriptor
 .text.CDC_DeInit_FS
                0x0000000008003db0        0x4 build/usbd_cdc_if.o
 .text.CDC_Control_FS
                0x0000000008003db4        0x4 build/usbd_cdc_if.o
 .text.CDC_Receive_FS
                0x0000000008003db8       0x34 build/usbd_cdc_if.o
 .text.CDC_Init_FS
                0x0000000008003dec       0x28 build/usbd_cdc_if.o
 .text.CDC_Transmit_FS
                0x0000000008003e14       0x1c build/usbd_cdc_if.o
                0x0000000008003e14                CDC_Transmit_FS
 .text.PCD_WriteEmptyTxFifo
                0x0000000008003e30       0xd2 build/stm32f7xx_hal_pcd.o
 .text.HAL_PCD_Init
                0x0000000008003f02      0x122 build/stm32f7xx_hal_pcd.o
                0x0000000008003f02                HAL_PCD_Init
 .text.HAL_PCD_Start
                0x0000000008004024       0x2a build/stm32f7xx_hal_pcd.o
                0x0000000008004024                HAL_PCD_Start
 *fill*         0x000000000800404e        0x2 
 .text.PCD_EP_OutXfrComplete_int
                0x0000000008004050       0xfc build/stm32f7xx_hal_pcd.o
 .text.PCD_EP_OutSetupPacket_int
                0x000000000800414c       0x6c build/stm32f7xx_hal_pcd.o
 .text.HAL_PCD_IRQHandler
                0x00000000080041b8      0x4e4 build/stm32f7xx_hal_pcd.o
                0x00000000080041b8                HAL_PCD_IRQHandler
 .text.HAL_PCD_SetAddress
                0x000000000800469c       0x28 build/stm32f7xx_hal_pcd.o
                0x000000000800469c                HAL_PCD_SetAddress
 .text.HAL_PCD_EP_Open
                0x00000000080046c4       0x82 build/stm32f7xx_hal_pcd.o
                0x00000000080046c4                HAL_PCD_EP_Open
 .text.HAL_PCD_EP_Close
                0x0000000008004746       0x6e build/stm32f7xx_hal_pcd.o
                0x0000000008004746                HAL_PCD_EP_Close
 .text.HAL_PCD_EP_Receive
                0x00000000080047b4       0x5c build/stm32f7xx_hal_pcd.o
                0x00000000080047b4                HAL_PCD_EP_Receive
 .text.HAL_PCD_EP_GetRxCount
                0x0000000008004810       0x12 build/stm32f7xx_hal_pcd.o
                0x0000000008004810                HAL_PCD_EP_GetRxCount
 .text.HAL_PCD_EP_Transmit
                0x0000000008004822       0x54 build/stm32f7xx_hal_pcd.o
                0x0000000008004822                HAL_PCD_EP_Transmit
 .text.HAL_PCD_EP_SetStall
                0x0000000008004876       0x82 build/stm32f7xx_hal_pcd.o
                0x0000000008004876                HAL_PCD_EP_SetStall
 .text.HAL_PCD_EP_ClrStall
                0x00000000080048f8       0x6e build/stm32f7xx_hal_pcd.o
                0x00000000080048f8                HAL_PCD_EP_ClrStall
 .text.HAL_PCDEx_SetTxFiFo
                0x0000000008004966       0x48 build/stm32f7xx_hal_pcd_ex.o
                0x0000000008004966                HAL_PCDEx_SetTxFiFo
 .text.HAL_PCDEx_SetRxFiFo
                0x00000000080049ae        0x8 build/stm32f7xx_hal_pcd_ex.o
                0x00000000080049ae                HAL_PCDEx_SetRxFiFo
 *fill*         0x00000000080049b6        0x2 
 .text.HAL_PCDEx_ActivateLPM
                0x00000000080049b8       0x28 build/stm32f7xx_hal_pcd_ex.o
                0x00000000080049b8                HAL_PCDEx_ActivateLPM
 .text.USB_CoreReset
                0x00000000080049e0       0x3c build/stm32f7xx_ll_usb.o
 .text.USB_CoreInit
                0x0000000008004a1c       0x7c build/stm32f7xx_ll_usb.o
                0x0000000008004a1c                USB_CoreInit
 .text.USB_SetTurnaroundTime
                0x0000000008004a98       0xec build/stm32f7xx_ll_usb.o
                0x0000000008004a98                USB_SetTurnaroundTime
 .text.USB_EnableGlobalInt
                0x0000000008004b84        0xc build/stm32f7xx_ll_usb.o
                0x0000000008004b84                USB_EnableGlobalInt
 .text.USB_DisableGlobalInt
                0x0000000008004b90        0xc build/stm32f7xx_ll_usb.o
                0x0000000008004b90                USB_DisableGlobalInt
 .text.USB_SetCurrentMode
                0x0000000008004b9c       0x30 build/stm32f7xx_ll_usb.o
                0x0000000008004b9c                USB_SetCurrentMode
 .text.USB_FlushTxFifo
                0x0000000008004bcc       0x28 build/stm32f7xx_ll_usb.o
                0x0000000008004bcc                USB_FlushTxFifo
 .text.USB_FlushRxFifo
                0x0000000008004bf4       0x24 build/stm32f7xx_ll_usb.o
                0x0000000008004bf4                USB_FlushRxFifo
 .text.USB_SetDevSpeed
                0x0000000008004c18        0xe build/stm32f7xx_ll_usb.o
                0x0000000008004c18                USB_SetDevSpeed
 *fill*         0x0000000008004c26        0x2 
 .text.USB_DevInit
                0x0000000008004c28      0x1b4 build/stm32f7xx_ll_usb.o
                0x0000000008004c28                USB_DevInit
 .text.USB_GetDevSpeed
                0x0000000008004ddc       0x1e build/stm32f7xx_ll_usb.o
                0x0000000008004ddc                USB_GetDevSpeed
 *fill*         0x0000000008004dfa        0x2 
 .text.USB_ActivateEndpoint
                0x0000000008004dfc       0x90 build/stm32f7xx_ll_usb.o
                0x0000000008004dfc                USB_ActivateEndpoint
 .text.USB_DeactivateEndpoint
                0x0000000008004e8c       0x90 build/stm32f7xx_ll_usb.o
                0x0000000008004e8c                USB_DeactivateEndpoint
 .text.USB_EP0StartXfer
                0x0000000008004f1c      0x108 build/stm32f7xx_ll_usb.o
                0x0000000008004f1c                USB_EP0StartXfer
 .text.USB_WritePacket
                0x0000000008005024       0x28 build/stm32f7xx_ll_usb.o
                0x0000000008005024                USB_WritePacket
 .text.USB_EPStartXfer
                0x000000000800504c      0x1e8 build/stm32f7xx_ll_usb.o
                0x000000000800504c                USB_EPStartXfer
 .text.USB_ReadPacket
                0x0000000008005234       0x28 build/stm32f7xx_ll_usb.o
                0x0000000008005234                USB_ReadPacket
 .text.USB_EPSetStall
                0x000000000800525c       0x5a build/stm32f7xx_ll_usb.o
                0x000000000800525c                USB_EPSetStall
 .text.USB_EPClearStall
                0x00000000080052b6       0x5c build/stm32f7xx_ll_usb.o
                0x00000000080052b6                USB_EPClearStall
 .text.USB_SetDevAddress
                0x0000000008005312       0x20 build/stm32f7xx_ll_usb.o
                0x0000000008005312                USB_SetDevAddress
 .text.USB_DevConnect
                0x0000000008005332       0x18 build/stm32f7xx_ll_usb.o
                0x0000000008005332                USB_DevConnect
 .text.USB_DevDisconnect
                0x000000000800534a       0x18 build/stm32f7xx_ll_usb.o
                0x000000000800534a                USB_DevDisconnect
 .text.USB_ReadInterrupts
                0x0000000008005362        0x8 build/stm32f7xx_ll_usb.o
                0x0000000008005362                USB_ReadInterrupts
 .text.USB_ReadDevAllOutEpInterrupt
                0x000000000800536a       0x10 build/stm32f7xx_ll_usb.o
                0x000000000800536a                USB_ReadDevAllOutEpInterrupt
 .text.USB_ReadDevAllInEpInterrupt
                0x000000000800537a       0x10 build/stm32f7xx_ll_usb.o
                0x000000000800537a                USB_ReadDevAllInEpInterrupt
 .text.USB_ReadDevOutEPInterrupt
                0x000000000800538a       0x12 build/stm32f7xx_ll_usb.o
                0x000000000800538a                USB_ReadDevOutEPInterrupt
 .text.USB_ReadDevInEPInterrupt
                0x000000000800539c       0x26 build/stm32f7xx_ll_usb.o
                0x000000000800539c                USB_ReadDevInEPInterrupt
 .text.USB_GetMode
                0x00000000080053c2        0x8 build/stm32f7xx_ll_usb.o
                0x00000000080053c2                USB_GetMode
 *fill*         0x00000000080053ca        0x2 
 .text.USB_ActivateSetup
                0x00000000080053cc       0x38 build/stm32f7xx_ll_usb.o
                0x00000000080053cc                USB_ActivateSetup
 .text.USB_EP0_OutStart
                0x0000000008005404       0x60 build/stm32f7xx_ll_usb.o
                0x0000000008005404                USB_EP0_OutStart
 .text.USBD_Init
                0x0000000008005464       0x48 build/usbd_core.o
                0x0000000008005464                USBD_Init
 .text.USBD_RegisterClass
                0x00000000080054ac       0x2c build/usbd_core.o
                0x00000000080054ac                USBD_RegisterClass
 .text.USBD_Start
                0x00000000080054d8        0xa build/usbd_core.o
                0x00000000080054d8                USBD_Start
 .text.USBD_SetClassConfig
                0x00000000080054e2       0x1a build/usbd_core.o
                0x00000000080054e2                USBD_SetClassConfig
 .text.USBD_ClrClassConfig
                0x00000000080054fc        0xe build/usbd_core.o
                0x00000000080054fc                USBD_ClrClassConfig
 .text.USBD_LL_SetupStage
                0x000000000800550a       0x5a build/usbd_core.o
                0x000000000800550a                USBD_LL_SetupStage
 .text.USBD_LL_DataOutStage
                0x0000000008005564       0x94 build/usbd_core.o
                0x0000000008005564                USBD_LL_DataOutStage
 .text.USBD_LL_DataInStage
                0x00000000080055f8       0xd8 build/usbd_core.o
                0x00000000080055f8                USBD_LL_DataInStage
 .text.USBD_LL_Reset
                0x00000000080056d0       0x50 build/usbd_core.o
                0x00000000080056d0                USBD_LL_Reset
 .text.USBD_LL_SetSpeed
                0x0000000008005720        0x6 build/usbd_core.o
                0x0000000008005720                USBD_LL_SetSpeed
 .text.USBD_LL_Suspend
                0x0000000008005726       0x12 build/usbd_core.o
                0x0000000008005726                USBD_LL_Suspend
 .text.USBD_LL_Resume
                0x0000000008005738        0xc build/usbd_core.o
                0x0000000008005738                USBD_LL_Resume
 .text.USBD_LL_SOF
                0x0000000008005744       0x1c build/usbd_core.o
                0x0000000008005744                USBD_LL_SOF
 .text.USBD_LL_IsoINIncomplete
                0x0000000008005760        0x4 build/usbd_core.o
                0x0000000008005760                USBD_LL_IsoINIncomplete
 .text.USBD_LL_IsoOUTIncomplete
                0x0000000008005764        0x4 build/usbd_core.o
                0x0000000008005764                USBD_LL_IsoOUTIncomplete
 .text.USBD_LL_DevConnected
                0x0000000008005768        0x4 build/usbd_core.o
                0x0000000008005768                USBD_LL_DevConnected
 .text.USBD_LL_DevDisconnected
                0x000000000800576c       0x16 build/usbd_core.o
                0x000000000800576c                USBD_LL_DevDisconnected
 .text.USBD_GetLen
                0x0000000008005782       0x14 build/usbd_ctlreq.o
 .text.USBD_SetFeature
                0x0000000008005796       0x14 build/usbd_ctlreq.o
 .text.USBD_ParseSetupRequest
                0x00000000080057aa       0x28 build/usbd_ctlreq.o
                0x00000000080057aa                USBD_ParseSetupRequest
 .text.USBD_CtlError
                0x00000000080057d2       0x14 build/usbd_ctlreq.o
                0x00000000080057d2                USBD_CtlError
 .text.USBD_GetDescriptor
                0x00000000080057e6      0x15a build/usbd_ctlreq.o
 .text.USBD_SetAddress
                0x0000000008005940       0x4e build/usbd_ctlreq.o
 *fill*         0x000000000800598e        0x2 
 .text.USBD_SetConfig
                0x0000000008005990       0xb0 build/usbd_ctlreq.o
 .text.USBD_GetConfig
                0x0000000008005a40       0x3c build/usbd_ctlreq.o
 .text.USBD_GetStatus
                0x0000000008005a7c       0x38 build/usbd_ctlreq.o
 .text.USBD_ClrFeature
                0x0000000008005ab4       0x26 build/usbd_ctlreq.o
 .text.USBD_StdDevReq
                0x0000000008005ada       0x68 build/usbd_ctlreq.o
                0x0000000008005ada                USBD_StdDevReq
 .text.USBD_StdItfReq
                0x0000000008005b42       0x60 build/usbd_ctlreq.o
                0x0000000008005b42                USBD_StdItfReq
 .text.USBD_StdEPReq
                0x0000000008005ba2      0x214 build/usbd_ctlreq.o
                0x0000000008005ba2                USBD_StdEPReq
 .text.USBD_GetString
                0x0000000008005db6       0x38 build/usbd_ctlreq.o
                0x0000000008005db6                USBD_GetString
 .text.USBD_CtlSendData
                0x0000000008005dee       0x1a build/usbd_ioreq.o
                0x0000000008005dee                USBD_CtlSendData
 .text.USBD_CtlContinueSendData
                0x0000000008005e08       0x10 build/usbd_ioreq.o
                0x0000000008005e08                USBD_CtlContinueSendData
 .text.USBD_CtlPrepareRx
                0x0000000008005e18       0x1e build/usbd_ioreq.o
                0x0000000008005e18                USBD_CtlPrepareRx
 .text.USBD_CtlContinueRx
                0x0000000008005e36       0x10 build/usbd_ioreq.o
                0x0000000008005e36                USBD_CtlContinueRx
 .text.USBD_CtlSendStatus
                0x0000000008005e46       0x16 build/usbd_ioreq.o
                0x0000000008005e46                USBD_CtlSendStatus
 .text.USBD_CtlReceiveStatus
                0x0000000008005e5c       0x16 build/usbd_ioreq.o
                0x0000000008005e5c                USBD_CtlReceiveStatus
 .text.USBD_CDC_EP0_RxReady
                0x0000000008005e72       0x28 build/usbd_cdc.o
 *fill*         0x0000000008005e9a        0x2 
 .text.USBD_CDC_GetFSCfgDesc
                0x0000000008005e9c        0xc build/usbd_cdc.o
 .text.USBD_CDC_GetHSCfgDesc
                0x0000000008005ea8        0xc build/usbd_cdc.o
 .text.USBD_CDC_GetOtherSpeedCfgDesc
                0x0000000008005eb4        0xc build/usbd_cdc.o
 .text.USBD_CDC_GetDeviceQualifierDescriptor
                0x0000000008005ec0        0xc build/usbd_cdc.o
                0x0000000008005ec0                USBD_CDC_GetDeviceQualifierDescriptor
 .text.USBD_CDC_DataOut
                0x0000000008005ecc       0x2e build/usbd_cdc.o
 .text.USBD_CDC_DataIn
                0x0000000008005efa       0x50 build/usbd_cdc.o
 .text.USBD_CDC_Setup
                0x0000000008005f4a       0xda build/usbd_cdc.o
 .text.USBD_CDC_DeInit
                0x0000000008006024       0x42 build/usbd_cdc.o
 .text.USBD_CDC_Init
                0x0000000008006066       0xaa build/usbd_cdc.o
 .text.USBD_CDC_RegisterInterface
                0x0000000008006110        0xe build/usbd_cdc.o
                0x0000000008006110                USBD_CDC_RegisterInterface
 .text.USBD_CDC_SetTxBuffer
                0x000000000800611e       0x10 build/usbd_cdc.o
                0x000000000800611e                USBD_CDC_SetTxBuffer
 .text.USBD_CDC_SetRxBuffer
                0x000000000800612e        0xc build/usbd_cdc.o
                0x000000000800612e                USBD_CDC_SetRxBuffer
 .text.USBD_CDC_TransmitPacket
                0x000000000800613a       0x34 build/usbd_cdc.o
                0x000000000800613a                USBD_CDC_TransmitPacket
 .text.USBD_CDC_ReceivePacket
                0x000000000800616e       0x32 build/usbd_cdc.o
                0x000000000800616e                USBD_CDC_ReceivePacket
 .text.Reset_Handler
                0x00000000080061a0       0x50 build/startup_stm32f746xx.o
                0x00000000080061a0                Reset_Handler
 .text.Default_Handler
                0x00000000080061f0        0x2 build/startup_stm32f746xx.o
                0x00000000080061f0                RTC_Alarm_IRQHandler
                0x00000000080061f0                EXTI2_IRQHandler
                0x00000000080061f0                TIM8_CC_IRQHandler
                0x00000000080061f0                UART8_IRQHandler
                0x00000000080061f0                SPI4_IRQHandler
                0x00000000080061f0                TIM1_CC_IRQHandler
                0x00000000080061f0                DMA2_Stream5_IRQHandler
                0x00000000080061f0                DMA1_Stream5_IRQHandler
                0x00000000080061f0                PVD_IRQHandler
                0x00000000080061f0                TAMP_STAMP_IRQHandler
                0x00000000080061f0                CAN2_RX1_IRQHandler
                0x00000000080061f0                EXTI3_IRQHandler
                0x00000000080061f0                TIM8_TRG_COM_TIM14_IRQHandler
                0x00000000080061f0                TIM1_UP_TIM10_IRQHandler
                0x00000000080061f0                TIM8_UP_TIM13_IRQHandler
                0x00000000080061f0                I2C3_ER_IRQHandler
                0x00000000080061f0                EXTI0_IRQHandler
                0x00000000080061f0                I2C2_EV_IRQHandler
                0x00000000080061f0                DMA1_Stream2_IRQHandler
                0x00000000080061f0                CAN1_RX0_IRQHandler
                0x00000000080061f0                FPU_IRQHandler
                0x00000000080061f0                OTG_HS_WKUP_IRQHandler
                0x00000000080061f0                LTDC_ER_IRQHandler
                0x00000000080061f0                CAN2_SCE_IRQHandler
                0x00000000080061f0                DMA2_Stream2_IRQHandler
                0x00000000080061f0                SPI1_IRQHandler
                0x00000000080061f0                TIM6_DAC_IRQHandler
                0x00000000080061f0                TIM1_BRK_TIM9_IRQHandler
                0x00000000080061f0                DCMI_IRQHandler
                0x00000000080061f0                CAN2_RX0_IRQHandler
                0x00000000080061f0                DMA2_Stream3_IRQHandler
                0x00000000080061f0                SAI2_IRQHandler
                0x00000000080061f0                USART6_IRQHandler
                0x00000000080061f0                USART3_IRQHandler
                0x00000000080061f0                CAN1_RX1_IRQHandler
                0x00000000080061f0                UART5_IRQHandler
                0x00000000080061f0                DMA2_Stream0_IRQHandler
                0x00000000080061f0                TIM4_IRQHandler
                0x00000000080061f0                QUADSPI_IRQHandler
                0x00000000080061f0                I2C1_EV_IRQHandler
                0x00000000080061f0                DMA1_Stream6_IRQHandler
                0x00000000080061f0                DMA1_Stream1_IRQHandler
                0x00000000080061f0                UART4_IRQHandler
                0x00000000080061f0                TIM3_IRQHandler
                0x00000000080061f0                RCC_IRQHandler
                0x00000000080061f0                TIM8_BRK_TIM12_IRQHandler
                0x00000000080061f0                Default_Handler
                0x00000000080061f0                CEC_IRQHandler
                0x00000000080061f0                EXTI15_10_IRQHandler
                0x00000000080061f0                ADC_IRQHandler
                0x00000000080061f0                DMA1_Stream7_IRQHandler
                0x00000000080061f0                SPI5_IRQHandler
                0x00000000080061f0                TIM7_IRQHandler
                0x00000000080061f0                SDMMC1_IRQHandler
                0x00000000080061f0                CAN2_TX_IRQHandler
                0x00000000080061f0                TIM5_IRQHandler
                0x00000000080061f0                DMA2_Stream7_IRQHandler
                0x00000000080061f0                I2C3_EV_IRQHandler
                0x00000000080061f0                EXTI9_5_IRQHandler
                0x00000000080061f0                RTC_WKUP_IRQHandler
                0x00000000080061f0                LTDC_IRQHandler
                0x00000000080061f0                ETH_WKUP_IRQHandler
                0x00000000080061f0                SPDIF_RX_IRQHandler
                0x00000000080061f0                SPI2_IRQHandler
                0x00000000080061f0                OTG_HS_EP1_IN_IRQHandler
                0x00000000080061f0                DMA1_Stream0_IRQHandler
                0x00000000080061f0                CAN1_TX_IRQHandler
                0x00000000080061f0                EXTI4_IRQHandler
                0x00000000080061f0                RNG_IRQHandler
                0x00000000080061f0                ETH_IRQHandler
                0x00000000080061f0                OTG_HS_EP1_OUT_IRQHandler
                0x00000000080061f0                WWDG_IRQHandler
                0x00000000080061f0                SPI6_IRQHandler
                0x00000000080061f0                I2C4_EV_IRQHandler
                0x00000000080061f0                OTG_FS_WKUP_IRQHandler
                0x00000000080061f0                TIM1_TRG_COM_TIM11_IRQHandler
                0x00000000080061f0                OTG_HS_IRQHandler
                0x00000000080061f0                DMA2D_IRQHandler
                0x00000000080061f0                EXTI1_IRQHandler
                0x00000000080061f0                UART7_IRQHandler
                0x00000000080061f0                USART2_IRQHandler
                0x00000000080061f0                I2C2_ER_IRQHandler
                0x00000000080061f0                DMA2_Stream1_IRQHandler
                0x00000000080061f0                CAN1_SCE_IRQHandler
                0x00000000080061f0                FLASH_IRQHandler
                0x00000000080061f0                DMA2_Stream4_IRQHandler
                0x00000000080061f0                USART1_IRQHandler
                0x00000000080061f0                SPI3_IRQHandler
                0x00000000080061f0                DMA1_Stream4_IRQHandler
                0x00000000080061f0                I2C1_ER_IRQHandler
                0x00000000080061f0                FMC_IRQHandler
                0x00000000080061f0                LPTIM1_IRQHandler
                0x00000000080061f0                I2C4_ER_IRQHandler
                0x00000000080061f0                DMA2_Stream6_IRQHandler
                0x00000000080061f0                SAI1_IRQHandler
                0x00000000080061f0                DMA1_Stream3_IRQHandler
 *(.glue_7)
 .glue_7        0x00000000080061f2        0x0 linker stubs
 *(.glue_7t)
 .glue_7t       0x00000000080061f2        0x0 linker stubs
 *(.eh_frame)
 *fill*         0x00000000080061f2        0x2 
 .eh_frame      0x00000000080061f4        0x0 /usr/lib/gcc/arm-none-eabi/6.3.1/thumb/v7e-m/fpv4-sp/hard/crtbegin.o
 *(.init)
 .init          0x00000000080061f4        0x4 /usr/lib/gcc/arm-none-eabi/6.3.1/thumb/v7e-m/fpv4-sp/hard/crti.o
                0x00000000080061f4                _init
 .init          0x00000000080061f8        0x8 /usr/lib/gcc/arm-none-eabi/6.3.1/thumb/v7e-m/fpv4-sp/hard/crtn.o
 *(.fini)
 .fini          0x0000000008006200        0x4 /usr/lib/gcc/arm-none-eabi/6.3.1/thumb/v7e-m/fpv4-sp/hard/crti.o
                0x0000000008006200                _fini
 .fini          0x0000000008006204        0x8 /usr/lib/gcc/arm-none-eabi/6.3.1/thumb/v7e-m/fpv4-sp/hard/crtn.o
                0x000000000800620c                . = ALIGN (0x4)
                0x000000000800620c                _etext = .

.vfp11_veneer   0x000000000800620c        0x0
 .vfp11_veneer  0x000000000800620c        0x0 linker stubs

.v4_bx          0x000000000800620c        0x0
 .v4_bx         0x000000000800620c        0x0 linker stubs

.iplt           0x000000000800620c        0x0
 .iplt          0x000000000800620c        0x0 /usr/lib/gcc/arm-none-eabi/6.3.1/thumb/v7e-m/fpv4-sp/hard/crtbegin.o

.rodata         0x000000000800620c      0x240
                0x000000000800620c                . = ALIGN (0x4)
 *(.rodata)
 .rodata        0x000000000800620c      0x10c build/main.o
 .rodata        0x0000000008006318        0x4 /usr/lib/gcc/arm-none-eabi/6.3.1/../../../arm-none-eabi/lib/thumb/v7e-m/fpv4-sp/hard/libc_nano.a(lib_a-impure.o)
                0x0000000008006318                _global_impure_ptr
 .rodata        0x000000000800631c       0x60 /usr/lib/gcc/arm-none-eabi/6.3.1/../../../arm-none-eabi/lib/thumb/v7e-m/fpv4-sp/hard/libc_nano.a(lib_a-findfp.o)
                0x000000000800631c                __sf_fake_stderr
                0x000000000800633c                __sf_fake_stdout
                0x000000000800635c                __sf_fake_stdin
 *(.rodata*)
 .rodata.AHBPrescTable
                0x000000000800637c       0x10 build/system_stm32f7xx.o
                0x000000000800637c                AHBPrescTable
 .rodata.USBD_FS_ConfigStrDescriptor.str1.4
                0x000000000800638c        0xb build/usbd_desc.o
 *fill*         0x0000000008006397        0x1 
 .rodata.USBD_FS_InterfaceStrDescriptor.str1.4
                0x0000000008006398        0xe build/usbd_desc.o
 *fill*         0x00000000080063a6        0x2 
 .rodata.USBD_FS_ManufacturerStrDescriptor.str1.4
                0x00000000080063a8       0x13 build/usbd_desc.o
 *fill*         0x00000000080063bb        0x1 
 .rodata.USBD_FS_ProductStrDescriptor.str1.4
                0x00000000080063bc       0x16 build/usbd_desc.o
 *fill*         0x00000000080063d2        0x2 
 .rodata.USBD_Init.str1.4
                0x00000000080063d4       0x1e build/usbd_core.o
 *fill*         0x00000000080063f2        0x2 
 .rodata.USBD_RegisterClass.str1.4
                0x00000000080063f4       0x15 build/usbd_core.o
 *fill*         0x0000000008006409        0x3 
 .rodata.str1.4
                0x000000000800640c        0x2 /usr/lib/gcc/arm-none-eabi/6.3.1/../../../arm-none-eabi/lib/thumb/v7e-m/fpv4-sp/hard/libc_nano.a(lib_a-impure.o)
 *fill*         0x000000000800640e        0x2 
 .rodata.str1.4
                0x0000000008006410       0x13 /usr/lib/gcc/arm-none-eabi/6.3.1/../../../arm-none-eabi/lib/thumb/v7e-m/fpv4-sp/hard/libc_nano.a(lib_a-nano-vfprintf.o)
 *fill*         0x0000000008006423        0x1 
 .rodata.str1.4
                0x0000000008006424       0x28 /usr/lib/gcc/arm-none-eabi/6.3.1/../../../arm-none-eabi/lib/thumb/v7e-m/fpv4-sp/hard/libc_nano.a(lib_a-nano-vfprintf_i.o)
                                         0x25 (size before relaxing)
                0x000000000800644c                . = ALIGN (0x4)

.ARM.extab
 *(.ARM.extab* .gnu.linkonce.armextab.*)

.ARM            0x000000000800644c        0x8
                0x000000000800644c                __exidx_start = .
 *(.ARM.exidx*)
 .ARM.exidx     0x000000000800644c        0x8 /usr/lib/gcc/arm-none-eabi/6.3.1/thumb/v7e-m/fpv4-sp/hard/libgcc.a(_udivmoddi4.o)
                0x0000000008006454                __exidx_end = .

.rel.dyn        0x0000000008006454        0x0
 .rel.iplt      0x0000000008006454        0x0 /usr/lib/gcc/arm-none-eabi/6.3.1/thumb/v7e-m/fpv4-sp/hard/crtbegin.o

.preinit_array  0x0000000008006454        0x0
                0x0000000008006454                PROVIDE (__preinit_array_start, .)
 *(.preinit_array*)
                0x0000000008006454                PROVIDE (__preinit_array_end, .)

.init_array     0x0000000008006454        0x4
                0x0000000008006454                PROVIDE (__init_array_start, .)
 *(SORT(.init_array.*))
 *(.init_array*)
 .init_array    0x0000000008006454        0x4 /usr/lib/gcc/arm-none-eabi/6.3.1/thumb/v7e-m/fpv4-sp/hard/crtbegin.o
                0x0000000008006458                PROVIDE (__init_array_end, .)

.fini_array     0x0000000008006458        0x4
                0x0000000008006458                PROVIDE (__fini_array_start, .)
 *(SORT(.fini_array.*))
 *(.fini_array*)
 .fini_array    0x0000000008006458        0x4 /usr/lib/gcc/arm-none-eabi/6.3.1/thumb/v7e-m/fpv4-sp/hard/crtbegin.o
                0x000000000800645c                PROVIDE (__fini_array_end, .)
                0x000000000800645c                _sidata = LOADADDR (.data)

.data           0x0000000020000000      0x1f0 load address 0x000000000800645c
                0x0000000020000000                . = ALIGN (0x4)
                0x0000000020000000                _sdata = .
 *(.data)
 .data          0x0000000020000000       0x64 /usr/lib/gcc/arm-none-eabi/6.3.1/../../../arm-none-eabi/lib/thumb/v7e-m/fpv4-sp/hard/libc_nano.a(lib_a-impure.o)
                0x0000000020000000                _impure_ptr
 *(.data*)
 .data.uwTickFreq
                0x0000000020000064        0x1 build/stm32f7xx_hal.o
                0x0000000020000064                uwTickFreq
 *fill*         0x0000000020000065        0x3 
 .data.uwTickPrio
                0x0000000020000068        0x4 build/stm32f7xx_hal.o
                0x0000000020000068                uwTickPrio
 .data.SystemCoreClock
                0x000000002000006c        0x4 build/system_stm32f7xx.o
                0x000000002000006c                SystemCoreClock
 .data.FS_Desc  0x0000000020000070       0x20 build/usbd_desc.o
                0x0000000020000070                FS_Desc
 .data.USBD_FS_BOSDesc
                0x0000000020000090        0xc build/usbd_desc.o
                0x0000000020000090                USBD_FS_BOSDesc
 .data.USBD_FS_DeviceDesc
                0x000000002000009c       0x12 build/usbd_desc.o
                0x000000002000009c                USBD_FS_DeviceDesc
 *fill*         0x00000000200000ae        0x2 
 .data.USBD_LangIDDesc
                0x00000000200000b0        0x4 build/usbd_desc.o
                0x00000000200000b0                USBD_LangIDDesc
 .data.USBD_StringSerial
                0x00000000200000b4       0x1a build/usbd_desc.o
                0x00000000200000b4                USBD_StringSerial
 *fill*         0x00000000200000ce        0x2 
 .data.USBD_Interface_fops_FS
                0x00000000200000d0       0x10 build/usbd_cdc_if.o
                0x00000000200000d0                USBD_Interface_fops_FS
 .data.USBD_CDC
                0x00000000200000e0       0x38 build/usbd_cdc.o
                0x00000000200000e0                USBD_CDC
 .data.USBD_CDC_CfgFSDesc
                0x0000000020000118       0x43 build/usbd_cdc.o
                0x0000000020000118                USBD_CDC_CfgFSDesc
 *fill*         0x000000002000015b        0x1 
 .data.USBD_CDC_CfgHSDesc
                0x000000002000015c       0x43 build/usbd_cdc.o
                0x000000002000015c                USBD_CDC_CfgHSDesc
 *fill*         0x000000002000019f        0x1 
 .data.USBD_CDC_DeviceQualifierDesc
                0x00000000200001a0        0xa build/usbd_cdc.o
 *fill*         0x00000000200001aa        0x2 
 .data.USBD_CDC_OtherSpeedCfgDesc
                0x00000000200001ac       0x43 build/usbd_cdc.o
                0x00000000200001ac                USBD_CDC_OtherSpeedCfgDesc
                0x00000000200001f0                . = ALIGN (0x4)
 *fill*         0x00000000200001ef        0x1 
                0x00000000200001f0                _edata = .

.jcr            0x00000000200001f0        0x0 load address 0x000000000800664c
 .jcr           0x00000000200001f0        0x0 /usr/lib/gcc/arm-none-eabi/6.3.1/thumb/v7e-m/fpv4-sp/hard/crtbegin.o

.tm_clone_table
                0x00000000200001f0        0x0 load address 0x000000000800664c
 .tm_clone_table
                0x00000000200001f0        0x0 /usr/lib/gcc/arm-none-eabi/6.3.1/thumb/v7e-m/fpv4-sp/hard/crtbegin.o
 .tm_clone_table
                0x00000000200001f0        0x0 /usr/lib/gcc/arm-none-eabi/6.3.1/thumb/v7e-m/fpv4-sp/hard/crtend.o

.igot.plt       0x00000000200001f0        0x0 load address 0x000000000800664c
 .igot.plt      0x00000000200001f0        0x0 /usr/lib/gcc/arm-none-eabi/6.3.1/thumb/v7e-m/fpv4-sp/hard/crtbegin.o
                0x00000000200001f0                . = ALIGN (0x4)

.bss            0x00000000200001f0     0x187c load address 0x000000000800664c
                0x00000000200001f0                _sbss = .
                0x00000000200001f0                __bss_start__ = _sbss
 *(.bss)
 .bss           0x00000000200001f0       0x1c /usr/lib/gcc/arm-none-eabi/6.3.1/thumb/v7e-m/fpv4-sp/hard/crtbegin.o
 .bss           0x000000002000020c        0x8 /usr/lib/gcc/arm-none-eabi/6.3.1/../../../arm-none-eabi/lib/thumb/v7e-m/fpv4-sp/hard/libc_nano.a(lib_a-nano-mallocr.o)
                0x000000002000020c                __malloc_free_list
                0x0000000020000210                __malloc_sbrk_start
 .bss           0x0000000020000214        0x4 /usr/lib/gcc/arm-none-eabi/6.3.1/../../../arm-none-eabi/lib/thumb/v7e-m/fpv4-sp/hard/libnosys.a(sbrk.o)
 *(.bss*)
 .bss.cfgidx.10583
                0x0000000020000218        0x1 build/usbd_ctlreq.o
 *(COMMON)
 *fill*         0x0000000020000219        0x3 
 COMMON         0x000000002000021c       0x40 build/main.o
                0x000000002000021c                htim2
 COMMON         0x000000002000025c        0x4 build/stm32f7xx_hal.o
                0x000000002000025c                uwTick
 COMMON         0x0000000020000260      0x29c build/usb_device.o
                0x0000000020000260                hUsbDeviceFS
 COMMON         0x00000000200004fc      0x404 build/usbd_conf.o
                0x00000000200004fc                hpcd_USB_OTG_FS
 COMMON         0x0000000020000900      0x100 build/usbd_desc.o
                0x0000000020000900                USBD_StrDesc
 COMMON         0x0000000020000a00     0x1068 build/usbd_cdc_if.o
                0x0000000020000a00                UserRxBufferFS
                0x0000000020001200                rec_data_size
                0x0000000020001204                UserTxBufferFS
                0x0000000020001a04                rec_data
 COMMON         0x0000000020001a68        0x4 /usr/lib/gcc/arm-none-eabi/6.3.1/../../../arm-none-eabi/lib/thumb/v7e-m/fpv4-sp/hard/libc_nano.a(lib_a-reent.o)
                0x0000000020001a68                errno
                0x0000000020001a6c                . = ALIGN (0x4)
                0x0000000020001a6c                _ebss = .
                0x0000000020001a6c                __bss_end__ = _ebss

._user_heap_stack
                0x0000000020001a6c      0x604 load address 0x000000000800664c
                0x0000000020001a70                . = ALIGN (0x8)
 *fill*         0x0000000020001a6c        0x4 
                0x0000000020001a70                PROVIDE (end, .)
                [!provide]                        PROVIDE (_end, .)
                0x0000000020001c70                . = (. + _Min_Heap_Size)
 *fill*         0x0000000020001a70      0x200 
                0x0000000020002070                . = (. + _Min_Stack_Size)
 *fill*         0x0000000020001c70      0x400 
                0x0000000020002070                . = ALIGN (0x8)

/DISCARD/
 libc.a(*)
 libm.a(*)
 libgcc.a(*)

.ARM.attributes
                0x0000000000000000       0x30
 *(.ARM.attributes)
 .ARM.attributes
                0x0000000000000000       0x22 /usr/lib/gcc/arm-none-eabi/6.3.1/thumb/v7e-m/fpv4-sp/hard/crti.o
 .ARM.attributes
                0x0000000000000022       0x34 /usr/lib/gcc/arm-none-eabi/6.3.1/thumb/v7e-m/fpv4-sp/hard/crtbegin.o
 .ARM.attributes
                0x0000000000000056       0x39 build/main.o
 .ARM.attributes
                0x000000000000008f       0x39 build/stm32f7xx_it.o
 .ARM.attributes
                0x00000000000000c8       0x39 build/stm32f7xx_hal_msp.o
 .ARM.attributes
                0x0000000000000101       0x39 build/stm32f7xx_hal_cortex.o
 .ARM.attributes
                0x000000000000013a       0x39 build/stm32f7xx_hal_tim.o
 .ARM.attributes
                0x0000000000000173       0x39 build/stm32f7xx_hal_tim_ex.o
 .ARM.attributes
                0x00000000000001ac       0x39 build/stm32f7xx_hal_rcc.o
 .ARM.attributes
                0x00000000000001e5       0x39 build/stm32f7xx_hal_rcc_ex.o
 .ARM.attributes
                0x000000000000021e       0x39 build/stm32f7xx_hal_gpio.o
 .ARM.attributes
                0x0000000000000257       0x39 build/stm32f7xx_hal_pwr_ex.o
 .ARM.attributes
                0x0000000000000290       0x39 build/stm32f7xx_hal.o
 .ARM.attributes
                0x00000000000002c9       0x39 build/system_stm32f7xx.o
 .ARM.attributes
                0x0000000000000302       0x39 build/usb_device.o
 .ARM.attributes
                0x000000000000033b       0x39 build/usbd_conf.o
 .ARM.attributes
                0x0000000000000374       0x39 build/usbd_desc.o
 .ARM.attributes
                0x00000000000003ad       0x39 build/usbd_cdc_if.o
 .ARM.attributes
                0x00000000000003e6       0x39 build/stm32f7xx_hal_pcd.o
 .ARM.attributes
                0x000000000000041f       0x39 build/stm32f7xx_hal_pcd_ex.o
 .ARM.attributes
                0x0000000000000458       0x39 build/stm32f7xx_ll_usb.o
 .ARM.attributes
                0x0000000000000491       0x39 build/usbd_core.o
 .ARM.attributes
                0x00000000000004ca       0x39 build/usbd_ctlreq.o
 .ARM.attributes
                0x0000000000000503       0x39 build/usbd_ioreq.o
 .ARM.attributes
                0x000000000000053c       0x39 build/usbd_cdc.o
 .ARM.attributes
                0x0000000000000575       0x21 build/startup_stm32f746xx.o
 .ARM.attributes
                0x0000000000000596       0x34 /usr/lib/gcc/arm-none-eabi/6.3.1/../../../arm-none-eabi/lib/thumb/v7e-m/fpv4-sp/hard/libc_nano.a(lib_a-impure.o)
 .ARM.attributes
                0x00000000000005ca       0x34 /usr/lib/gcc/arm-none-eabi/6.3.1/../../../arm-none-eabi/lib/thumb/v7e-m/fpv4-sp/hard/libc_nano.a(lib_a-init.o)
 .ARM.attributes
                0x00000000000005fe       0x34 /usr/lib/gcc/arm-none-eabi/6.3.1/../../../arm-none-eabi/lib/thumb/v7e-m/fpv4-sp/hard/libc_nano.a(lib_a-malloc.o)
 .ARM.attributes
                0x0000000000000632       0x20 /usr/lib/gcc/arm-none-eabi/6.3.1/../../../arm-none-eabi/lib/thumb/v7e-m/fpv4-sp/hard/libc_nano.a(lib_a-memcpy.o)
 .ARM.attributes
                0x0000000000000652       0x34 /usr/lib/gcc/arm-none-eabi/6.3.1/../../../arm-none-eabi/lib/thumb/v7e-m/fpv4-sp/hard/libc_nano.a(lib_a-memset.o)
 .ARM.attributes
                0x0000000000000686       0x34 /usr/lib/gcc/arm-none-eabi/6.3.1/../../../arm-none-eabi/lib/thumb/v7e-m/fpv4-sp/hard/libc_nano.a(lib_a-nano-freer.o)
 .ARM.attributes
                0x00000000000006ba       0x34 /usr/lib/gcc/arm-none-eabi/6.3.1/../../../arm-none-eabi/lib/thumb/v7e-m/fpv4-sp/hard/libc_nano.a(lib_a-nano-mallocr.o)
 .ARM.attributes
                0x00000000000006ee       0x34 /usr/lib/gcc/arm-none-eabi/6.3.1/../../../arm-none-eabi/lib/thumb/v7e-m/fpv4-sp/hard/libc_nano.a(lib_a-printf.o)
 .ARM.attributes
                0x0000000000000722       0x34 /usr/lib/gcc/arm-none-eabi/6.3.1/../../../arm-none-eabi/lib/thumb/v7e-m/fpv4-sp/hard/libc_nano.a(lib_a-putchar.o)
 .ARM.attributes
                0x0000000000000756       0x34 /usr/lib/gcc/arm-none-eabi/6.3.1/../../../arm-none-eabi/lib/thumb/v7e-m/fpv4-sp/hard/libc_nano.a(lib_a-rand.o)
 .ARM.attributes
                0x000000000000078a       0x34 /usr/lib/gcc/arm-none-eabi/6.3.1/../../../arm-none-eabi/lib/thumb/v7e-m/fpv4-sp/hard/libc_nano.a(lib_a-sbrkr.o)
 .ARM.attributes
                0x00000000000007be       0x34 /usr/lib/gcc/arm-none-eabi/6.3.1/../../../arm-none-eabi/lib/thumb/v7e-m/fpv4-sp/hard/libc_nano.a(lib_a-findfp.o)
 .ARM.attributes
                0x00000000000007f2       0x34 /usr/lib/gcc/arm-none-eabi/6.3.1/../../../arm-none-eabi/lib/thumb/v7e-m/fpv4-sp/hard/libc_nano.a(lib_a-fwalk.o)
 .ARM.attributes
                0x0000000000000826       0x34 /usr/lib/gcc/arm-none-eabi/6.3.1/../../../arm-none-eabi/lib/thumb/v7e-m/fpv4-sp/hard/libc_nano.a(lib_a-nano-vfprintf.o)
 .ARM.attributes
                0x000000000000085a       0x34 /usr/lib/gcc/arm-none-eabi/6.3.1/../../../arm-none-eabi/lib/thumb/v7e-m/fpv4-sp/hard/libc_nano.a(lib_a-nano-vfprintf_i.o)
 .ARM.attributes
                0x000000000000088e       0x34 /usr/lib/gcc/arm-none-eabi/6.3.1/../../../arm-none-eabi/lib/thumb/v7e-m/fpv4-sp/hard/libc_nano.a(lib_a-putc.o)
 .ARM.attributes
                0x00000000000008c2       0x34 /usr/lib/gcc/arm-none-eabi/6.3.1/../../../arm-none-eabi/lib/thumb/v7e-m/fpv4-sp/hard/libc_nano.a(lib_a-reent.o)
 .ARM.attributes
                0x00000000000008f6       0x34 /usr/lib/gcc/arm-none-eabi/6.3.1/../../../arm-none-eabi/lib/thumb/v7e-m/fpv4-sp/hard/libc_nano.a(lib_a-stdio.o)
 .ARM.attributes
                0x000000000000092a       0x34 /usr/lib/gcc/arm-none-eabi/6.3.1/../../../arm-none-eabi/lib/thumb/v7e-m/fpv4-sp/hard/libc_nano.a(lib_a-wbuf.o)
 .ARM.attributes
                0x000000000000095e       0x34 /usr/lib/gcc/arm-none-eabi/6.3.1/../../../arm-none-eabi/lib/thumb/v7e-m/fpv4-sp/hard/libc_nano.a(lib_a-writer.o)
 .ARM.attributes
                0x0000000000000992       0x34 /usr/lib/gcc/arm-none-eabi/6.3.1/../../../arm-none-eabi/lib/thumb/v7e-m/fpv4-sp/hard/libc_nano.a(lib_a-wsetup.o)
 .ARM.attributes
                0x00000000000009c6       0x34 /usr/lib/gcc/arm-none-eabi/6.3.1/../../../arm-none-eabi/lib/thumb/v7e-m/fpv4-sp/hard/libc_nano.a(lib_a-closer.o)
 .ARM.attributes
                0x00000000000009fa       0x34 /usr/lib/gcc/arm-none-eabi/6.3.1/../../../arm-none-eabi/lib/thumb/v7e-m/fpv4-sp/hard/libc_nano.a(lib_a-fflush.o)
 .ARM.attributes
                0x0000000000000a2e       0x34 /usr/lib/gcc/arm-none-eabi/6.3.1/../../../arm-none-eabi/lib/thumb/v7e-m/fpv4-sp/hard/libc_nano.a(lib_a-fvwrite.o)
 .ARM.attributes
                0x0000000000000a62       0x34 /usr/lib/gcc/arm-none-eabi/6.3.1/../../../arm-none-eabi/lib/thumb/v7e-m/fpv4-sp/hard/libc_nano.a(lib_a-lseekr.o)
 .ARM.attributes
                0x0000000000000a96       0x34 /usr/lib/gcc/arm-none-eabi/6.3.1/../../../arm-none-eabi/lib/thumb/v7e-m/fpv4-sp/hard/libc_nano.a(lib_a-makebuf.o)
 .ARM.attributes
                0x0000000000000aca       0x20 /usr/lib/gcc/arm-none-eabi/6.3.1/../../../arm-none-eabi/lib/thumb/v7e-m/fpv4-sp/hard/libc_nano.a(lib_a-memchr.o)
 .ARM.attributes
                0x0000000000000aea       0x34 /usr/lib/gcc/arm-none-eabi/6.3.1/../../../arm-none-eabi/lib/thumb/v7e-m/fpv4-sp/hard/libc_nano.a(lib_a-memmove.o)
 .ARM.attributes
                0x0000000000000b1e       0x34 /usr/lib/gcc/arm-none-eabi/6.3.1/../../../arm-none-eabi/lib/thumb/v7e-m/fpv4-sp/hard/libc_nano.a(lib_a-nano-reallocr.o)
 .ARM.attributes
                0x0000000000000b52       0x34 /usr/lib/gcc/arm-none-eabi/6.3.1/../../../arm-none-eabi/lib/thumb/v7e-m/fpv4-sp/hard/libc_nano.a(lib_a-readr.o)
 .ARM.attributes
                0x0000000000000b86       0x34 /usr/lib/gcc/arm-none-eabi/6.3.1/../../../arm-none-eabi/lib/thumb/v7e-m/fpv4-sp/hard/libc_nano.a(lib_a-fstatr.o)
 .ARM.attributes
                0x0000000000000bba       0x34 /usr/lib/gcc/arm-none-eabi/6.3.1/../../../arm-none-eabi/lib/thumb/v7e-m/fpv4-sp/hard/libc_nano.a(lib_a-isattyr.o)
 .ARM.attributes
                0x0000000000000bee       0x34 /usr/lib/gcc/arm-none-eabi/6.3.1/../../../arm-none-eabi/lib/thumb/v7e-m/fpv4-sp/hard/libc_nano.a(lib_a-nano-msizer.o)
 .ARM.attributes
                0x0000000000000c22       0x34 /usr/lib/gcc/arm-none-eabi/6.3.1/../../../arm-none-eabi/lib/thumb/v7e-m/fpv4-sp/hard/libnosys.a(close.o)
 .ARM.attributes
                0x0000000000000c56       0x34 /usr/lib/gcc/arm-none-eabi/6.3.1/../../../arm-none-eabi/lib/thumb/v7e-m/fpv4-sp/hard/libnosys.a(fstat.o)
 .ARM.attributes
                0x0000000000000c8a       0x34 /usr/lib/gcc/arm-none-eabi/6.3.1/../../../arm-none-eabi/lib/thumb/v7e-m/fpv4-sp/hard/libnosys.a(isatty.o)
 .ARM.attributes
                0x0000000000000cbe       0x34 /usr/lib/gcc/arm-none-eabi/6.3.1/../../../arm-none-eabi/lib/thumb/v7e-m/fpv4-sp/hard/libnosys.a(lseek.o)
 .ARM.attributes
                0x0000000000000cf2       0x34 /usr/lib/gcc/arm-none-eabi/6.3.1/../../../arm-none-eabi/lib/thumb/v7e-m/fpv4-sp/hard/libnosys.a(read.o)
 .ARM.attributes
                0x0000000000000d26       0x34 /usr/lib/gcc/arm-none-eabi/6.3.1/../../../arm-none-eabi/lib/thumb/v7e-m/fpv4-sp/hard/libnosys.a(sbrk.o)
 .ARM.attributes
                0x0000000000000d5a       0x34 /usr/lib/gcc/arm-none-eabi/6.3.1/../../../arm-none-eabi/lib/thumb/v7e-m/fpv4-sp/hard/libnosys.a(write.o)
 .ARM.attributes
                0x0000000000000d8e       0x22 /usr/lib/gcc/arm-none-eabi/6.3.1/thumb/v7e-m/fpv4-sp/hard/libgcc.a(_aeabi_uldivmod.o)
 .ARM.attributes
                0x0000000000000db0       0x34 /usr/lib/gcc/arm-none-eabi/6.3.1/thumb/v7e-m/fpv4-sp/hard/libgcc.a(_udivmoddi4.o)
 .ARM.attributes
                0x0000000000000de4       0x22 /usr/lib/gcc/arm-none-eabi/6.3.1/thumb/v7e-m/fpv4-sp/hard/libgcc.a(_dvmd_tls.o)
 .ARM.attributes
                0x0000000000000e06       0x34 /usr/lib/gcc/arm-none-eabi/6.3.1/thumb/v7e-m/fpv4-sp/hard/crtend.o
 .ARM.attributes
                0x0000000000000e3a       0x22 /usr/lib/gcc/arm-none-eabi/6.3.1/thumb/v7e-m/fpv4-sp/hard/crtn.o
OUTPUT(build/LED.elf elf32-littlearm)

.comment        0x0000000000000000       0x31
 .comment       0x0000000000000000       0x31 /usr/lib/gcc/arm-none-eabi/6.3.1/thumb/v7e-m/fpv4-sp/hard/crtbegin.o
                                         0x32 (size before relaxing)
 .comment       0x0000000000000031       0x32 build/main.o
 .comment       0x0000000000000031       0x32 build/stm32f7xx_it.o
 .comment       0x0000000000000031       0x32 build/stm32f7xx_hal_msp.o
 .comment       0x0000000000000031       0x32 build/stm32f7xx_hal_cortex.o
 .comment       0x0000000000000031       0x32 build/stm32f7xx_hal_tim.o
 .comment       0x0000000000000031       0x32 build/stm32f7xx_hal_tim_ex.o
 .comment       0x0000000000000031       0x32 build/stm32f7xx_hal_rcc.o
 .comment       0x0000000000000031       0x32 build/stm32f7xx_hal_rcc_ex.o
 .comment       0x0000000000000031       0x32 build/stm32f7xx_hal_gpio.o
 .comment       0x0000000000000031       0x32 build/stm32f7xx_hal_pwr_ex.o
 .comment       0x0000000000000031       0x32 build/stm32f7xx_hal.o
 .comment       0x0000000000000031       0x32 build/system_stm32f7xx.o
 .comment       0x0000000000000031       0x32 build/usb_device.o
 .comment       0x0000000000000031       0x32 build/usbd_conf.o
 .comment       0x0000000000000031       0x32 build/usbd_desc.o
 .comment       0x0000000000000031       0x32 build/usbd_cdc_if.o
 .comment       0x0000000000000031       0x32 build/stm32f7xx_hal_pcd.o
 .comment       0x0000000000000031       0x32 build/stm32f7xx_hal_pcd_ex.o
 .comment       0x0000000000000031       0x32 build/stm32f7xx_ll_usb.o
 .comment       0x0000000000000031       0x32 build/usbd_core.o
 .comment       0x0000000000000031       0x32 build/usbd_ctlreq.o
 .comment       0x0000000000000031       0x32 build/usbd_ioreq.o
 .comment       0x0000000000000031       0x32 build/usbd_cdc.o
 .comment       0x0000000000000031       0x32 /usr/lib/gcc/arm-none-eabi/6.3.1/../../../arm-none-eabi/lib/thumb/v7e-m/fpv4-sp/hard/libc_nano.a(lib_a-impure.o)
 .comment       0x0000000000000031       0x32 /usr/lib/gcc/arm-none-eabi/6.3.1/../../../arm-none-eabi/lib/thumb/v7e-m/fpv4-sp/hard/libc_nano.a(lib_a-init.o)
 .comment       0x0000000000000031       0x32 /usr/lib/gcc/arm-none-eabi/6.3.1/../../../arm-none-eabi/lib/thumb/v7e-m/fpv4-sp/hard/libc_nano.a(lib_a-malloc.o)
 .comment       0x0000000000000031       0x32 /usr/lib/gcc/arm-none-eabi/6.3.1/../../../arm-none-eabi/lib/thumb/v7e-m/fpv4-sp/hard/libc_nano.a(lib_a-memset.o)
 .comment       0x0000000000000031       0x32 /usr/lib/gcc/arm-none-eabi/6.3.1/../../../arm-none-eabi/lib/thumb/v7e-m/fpv4-sp/hard/libc_nano.a(lib_a-nano-freer.o)
 .comment       0x0000000000000031       0x32 /usr/lib/gcc/arm-none-eabi/6.3.1/../../../arm-none-eabi/lib/thumb/v7e-m/fpv4-sp/hard/libc_nano.a(lib_a-nano-mallocr.o)
 .comment       0x0000000000000031       0x32 /usr/lib/gcc/arm-none-eabi/6.3.1/../../../arm-none-eabi/lib/thumb/v7e-m/fpv4-sp/hard/libc_nano.a(lib_a-printf.o)
 .comment       0x0000000000000031       0x32 /usr/lib/gcc/arm-none-eabi/6.3.1/../../../arm-none-eabi/lib/thumb/v7e-m/fpv4-sp/hard/libc_nano.a(lib_a-putchar.o)
 .comment       0x0000000000000031       0x32 /usr/lib/gcc/arm-none-eabi/6.3.1/../../../arm-none-eabi/lib/thumb/v7e-m/fpv4-sp/hard/libc_nano.a(lib_a-rand.o)
 .comment       0x0000000000000031       0x32 /usr/lib/gcc/arm-none-eabi/6.3.1/../../../arm-none-eabi/lib/thumb/v7e-m/fpv4-sp/hard/libc_nano.a(lib_a-sbrkr.o)
 .comment       0x0000000000000031       0x32 /usr/lib/gcc/arm-none-eabi/6.3.1/../../../arm-none-eabi/lib/thumb/v7e-m/fpv4-sp/hard/libc_nano.a(lib_a-findfp.o)
 .comment       0x0000000000000031       0x32 /usr/lib/gcc/arm-none-eabi/6.3.1/../../../arm-none-eabi/lib/thumb/v7e-m/fpv4-sp/hard/libc_nano.a(lib_a-fwalk.o)
 .comment       0x0000000000000031       0x32 /usr/lib/gcc/arm-none-eabi/6.3.1/../../../arm-none-eabi/lib/thumb/v7e-m/fpv4-sp/hard/libc_nano.a(lib_a-nano-vfprintf.o)
 .comment       0x0000000000000031       0x32 /usr/lib/gcc/arm-none-eabi/6.3.1/../../../arm-none-eabi/lib/thumb/v7e-m/fpv4-sp/hard/libc_nano.a(lib_a-nano-vfprintf_i.o)
 .comment       0x0000000000000031       0x32 /usr/lib/gcc/arm-none-eabi/6.3.1/../../../arm-none-eabi/lib/thumb/v7e-m/fpv4-sp/hard/libc_nano.a(lib_a-putc.o)
 .comment       0x0000000000000031       0x32 /usr/lib/gcc/arm-none-eabi/6.3.1/../../../arm-none-eabi/lib/thumb/v7e-m/fpv4-sp/hard/libc_nano.a(lib_a-reent.o)
 .comment       0x0000000000000031       0x32 /usr/lib/gcc/arm-none-eabi/6.3.1/../../../arm-none-eabi/lib/thumb/v7e-m/fpv4-sp/hard/libc_nano.a(lib_a-stdio.o)
 .comment       0x0000000000000031       0x32 /usr/lib/gcc/arm-none-eabi/6.3.1/../../../arm-none-eabi/lib/thumb/v7e-m/fpv4-sp/hard/libc_nano.a(lib_a-wbuf.o)
 .comment       0x0000000000000031       0x32 /usr/lib/gcc/arm-none-eabi/6.3.1/../../../arm-none-eabi/lib/thumb/v7e-m/fpv4-sp/hard/libc_nano.a(lib_a-writer.o)
 .comment       0x0000000000000031       0x32 /usr/lib/gcc/arm-none-eabi/6.3.1/../../../arm-none-eabi/lib/thumb/v7e-m/fpv4-sp/hard/libc_nano.a(lib_a-wsetup.o)
 .comment       0x0000000000000031       0x32 /usr/lib/gcc/arm-none-eabi/6.3.1/../../../arm-none-eabi/lib/thumb/v7e-m/fpv4-sp/hard/libc_nano.a(lib_a-closer.o)
 .comment       0x0000000000000031       0x32 /usr/lib/gcc/arm-none-eabi/6.3.1/../../../arm-none-eabi/lib/thumb/v7e-m/fpv4-sp/hard/libc_nano.a(lib_a-fflush.o)
 .comment       0x0000000000000031       0x32 /usr/lib/gcc/arm-none-eabi/6.3.1/../../../arm-none-eabi/lib/thumb/v7e-m/fpv4-sp/hard/libc_nano.a(lib_a-fvwrite.o)
 .comment       0x0000000000000031       0x32 /usr/lib/gcc/arm-none-eabi/6.3.1/../../../arm-none-eabi/lib/thumb/v7e-m/fpv4-sp/hard/libc_nano.a(lib_a-lseekr.o)
 .comment       0x0000000000000031       0x32 /usr/lib/gcc/arm-none-eabi/6.3.1/../../../arm-none-eabi/lib/thumb/v7e-m/fpv4-sp/hard/libc_nano.a(lib_a-makebuf.o)
 .comment       0x0000000000000031       0x32 /usr/lib/gcc/arm-none-eabi/6.3.1/../../../arm-none-eabi/lib/thumb/v7e-m/fpv4-sp/hard/libc_nano.a(lib_a-memmove.o)
 .comment       0x0000000000000031       0x32 /usr/lib/gcc/arm-none-eabi/6.3.1/../../../arm-none-eabi/lib/thumb/v7e-m/fpv4-sp/hard/libc_nano.a(lib_a-nano-reallocr.o)
 .comment       0x0000000000000031       0x32 /usr/lib/gcc/arm-none-eabi/6.3.1/../../../arm-none-eabi/lib/thumb/v7e-m/fpv4-sp/hard/libc_nano.a(lib_a-readr.o)
 .comment       0x0000000000000031       0x32 /usr/lib/gcc/arm-none-eabi/6.3.1/../../../arm-none-eabi/lib/thumb/v7e-m/fpv4-sp/hard/libc_nano.a(lib_a-fstatr.o)
 .comment       0x0000000000000031       0x32 /usr/lib/gcc/arm-none-eabi/6.3.1/../../../arm-none-eabi/lib/thumb/v7e-m/fpv4-sp/hard/libc_nano.a(lib_a-isattyr.o)
 .comment       0x0000000000000031       0x32 /usr/lib/gcc/arm-none-eabi/6.3.1/../../../arm-none-eabi/lib/thumb/v7e-m/fpv4-sp/hard/libc_nano.a(lib_a-nano-msizer.o)
 .comment       0x0000000000000031       0x32 /usr/lib/gcc/arm-none-eabi/6.3.1/../../../arm-none-eabi/lib/thumb/v7e-m/fpv4-sp/hard/libnosys.a(close.o)
 .comment       0x0000000000000031       0x32 /usr/lib/gcc/arm-none-eabi/6.3.1/../../../arm-none-eabi/lib/thumb/v7e-m/fpv4-sp/hard/libnosys.a(fstat.o)
 .comment       0x0000000000000031       0x32 /usr/lib/gcc/arm-none-eabi/6.3.1/../../../arm-none-eabi/lib/thumb/v7e-m/fpv4-sp/hard/libnosys.a(isatty.o)
 .comment       0x0000000000000031       0x32 /usr/lib/gcc/arm-none-eabi/6.3.1/../../../arm-none-eabi/lib/thumb/v7e-m/fpv4-sp/hard/libnosys.a(lseek.o)
 .comment       0x0000000000000031       0x32 /usr/lib/gcc/arm-none-eabi/6.3.1/../../../arm-none-eabi/lib/thumb/v7e-m/fpv4-sp/hard/libnosys.a(read.o)
 .comment       0x0000000000000031       0x32 /usr/lib/gcc/arm-none-eabi/6.3.1/../../../arm-none-eabi/lib/thumb/v7e-m/fpv4-sp/hard/libnosys.a(sbrk.o)
 .comment       0x0000000000000031       0x32 /usr/lib/gcc/arm-none-eabi/6.3.1/../../../arm-none-eabi/lib/thumb/v7e-m/fpv4-sp/hard/libnosys.a(write.o)
 .comment       0x0000000000000031       0x32 /usr/lib/gcc/arm-none-eabi/6.3.1/thumb/v7e-m/fpv4-sp/hard/libgcc.a(_udivmoddi4.o)
 .comment       0x0000000000000031       0x32 /usr/lib/gcc/arm-none-eabi/6.3.1/thumb/v7e-m/fpv4-sp/hard/crtend.o

.debug_info     0x0000000000000000    0x37656
 .debug_info    0x0000000000000000     0x23d2 build/main.o
 .debug_info    0x00000000000023d2      0xd4c build/stm32f7xx_it.o
 .debug_info    0x000000000000311e      0xcc8 build/stm32f7xx_hal_msp.o
 .debug_info    0x0000000000003de6     0x12d5 build/stm32f7xx_hal_cortex.o
 .debug_info    0x00000000000050bb     0x361a build/stm32f7xx_hal_tim.o
 .debug_info    0x00000000000086d5     0x174c build/stm32f7xx_hal_tim_ex.o
 .debug_info    0x0000000000009e21      0xc30 build/stm32f7xx_hal_rcc.o
 .debug_info    0x000000000000aa51      0x975 build/stm32f7xx_hal_rcc_ex.o
 .debug_info    0x000000000000b3c6      0x897 build/stm32f7xx_hal_gpio.o
 .debug_info    0x000000000000bc5d      0xb4d build/stm32f7xx_hal_pwr_ex.o
 .debug_info    0x000000000000c7aa      0xb61 build/stm32f7xx_hal.o
 .debug_info    0x000000000000d30b      0x80e build/system_stm32f7xx.o
 .debug_info    0x000000000000db19     0x10f6 build/usb_device.o
 .debug_info    0x000000000000ec0f     0x2afc build/usbd_conf.o
 .debug_info    0x000000000001170b      0xff5 build/usbd_desc.o
 .debug_info    0x0000000000012700     0x1263 build/usbd_cdc_if.o
 .debug_info    0x0000000000013963     0x19e1 build/stm32f7xx_hal_pcd.o
 .debug_info    0x0000000000015344      0x8b2 build/stm32f7xx_hal_pcd_ex.o
 .debug_info    0x0000000000015bf6     0x1da4 build/stm32f7xx_ll_usb.o
 .debug_info    0x000000000001799a     0x17bd build/usbd_core.o
 .debug_info    0x0000000000019157     0x19bd build/usbd_ctlreq.o
 .debug_info    0x000000000001ab14     0x11bd build/usbd_ioreq.o
 .debug_info    0x000000000001bcd1     0x1d7b build/usbd_cdc.o
 .debug_info    0x000000000001da4c       0x7f build/startup_stm32f746xx.o
 .debug_info    0x000000000001dacb      0x8a0 /usr/lib/gcc/arm-none-eabi/6.3.1/../../../arm-none-eabi/lib/thumb/v7e-m/fpv4-sp/hard/libc_nano.a(lib_a-impure.o)
 .debug_info    0x000000000001e36b      0x110 /usr/lib/gcc/arm-none-eabi/6.3.1/../../../arm-none-eabi/lib/thumb/v7e-m/fpv4-sp/hard/libc_nano.a(lib_a-init.o)
 .debug_info    0x000000000001e47b      0x91d /usr/lib/gcc/arm-none-eabi/6.3.1/../../../arm-none-eabi/lib/thumb/v7e-m/fpv4-sp/hard/libc_nano.a(lib_a-malloc.o)
 .debug_info    0x000000000001ed98       0xe1 /usr/lib/gcc/arm-none-eabi/6.3.1/../../../arm-none-eabi/lib/thumb/v7e-m/fpv4-sp/hard/libc_nano.a(lib_a-memcpy.o)
 .debug_info    0x000000000001ee79      0x916 /usr/lib/gcc/arm-none-eabi/6.3.1/../../../arm-none-eabi/lib/thumb/v7e-m/fpv4-sp/hard/libc_nano.a(lib_a-memset.o)
 .debug_info    0x000000000001f78f      0xa51 /usr/lib/gcc/arm-none-eabi/6.3.1/../../../arm-none-eabi/lib/thumb/v7e-m/fpv4-sp/hard/libc_nano.a(lib_a-nano-freer.o)
 .debug_info    0x00000000000201e0      0xb1f /usr/lib/gcc/arm-none-eabi/6.3.1/../../../arm-none-eabi/lib/thumb/v7e-m/fpv4-sp/hard/libc_nano.a(lib_a-nano-mallocr.o)
 .debug_info    0x0000000000020cff      0xbb0 /usr/lib/gcc/arm-none-eabi/6.3.1/../../../arm-none-eabi/lib/thumb/v7e-m/fpv4-sp/hard/libc_nano.a(lib_a-printf.o)
 .debug_info    0x00000000000218af      0xb2e /usr/lib/gcc/arm-none-eabi/6.3.1/../../../arm-none-eabi/lib/thumb/v7e-m/fpv4-sp/hard/libc_nano.a(lib_a-putchar.o)
 .debug_info    0x00000000000223dd      0x96a /usr/lib/gcc/arm-none-eabi/6.3.1/../../../arm-none-eabi/lib/thumb/v7e-m/fpv4-sp/hard/libc_nano.a(lib_a-rand.o)
 .debug_info    0x0000000000022d47      0x955 /usr/lib/gcc/arm-none-eabi/6.3.1/../../../arm-none-eabi/lib/thumb/v7e-m/fpv4-sp/hard/libc_nano.a(lib_a-sbrkr.o)
 .debug_info    0x000000000002369c      0xff9 /usr/lib/gcc/arm-none-eabi/6.3.1/../../../arm-none-eabi/lib/thumb/v7e-m/fpv4-sp/hard/libc_nano.a(lib_a-findfp.o)
 .debug_info    0x0000000000024695      0xbc7 /usr/lib/gcc/arm-none-eabi/6.3.1/../../../arm-none-eabi/lib/thumb/v7e-m/fpv4-sp/hard/libc_nano.a(lib_a-fwalk.o)
 .debug_info    0x000000000002525c     0x113f /usr/lib/gcc/arm-none-eabi/6.3.1/../../../arm-none-eabi/lib/thumb/v7e-m/fpv4-sp/hard/libc_nano.a(lib_a-nano-vfprintf.o)
 .debug_info    0x000000000002639b      0xfb4 /usr/lib/gcc/arm-none-eabi/6.3.1/../../../arm-none-eabi/lib/thumb/v7e-m/fpv4-sp/hard/libc_nano.a(lib_a-nano-vfprintf_i.o)
 .debug_info    0x000000000002734f      0xc25 /usr/lib/gcc/arm-none-eabi/6.3.1/../../../arm-none-eabi/lib/thumb/v7e-m/fpv4-sp/hard/libc_nano.a(lib_a-putc.o)
 .debug_info    0x0000000000027f74      0xa67 /usr/lib/gcc/arm-none-eabi/6.3.1/../../../arm-none-eabi/lib/thumb/v7e-m/fpv4-sp/hard/libc_nano.a(lib_a-reent.o)
 .debug_info    0x00000000000289db      0xd51 /usr/lib/gcc/arm-none-eabi/6.3.1/../../../arm-none-eabi/lib/thumb/v7e-m/fpv4-sp/hard/libc_nano.a(lib_a-stdio.o)
 .debug_info    0x000000000002972c      0xbc9 /usr/lib/gcc/arm-none-eabi/6.3.1/../../../arm-none-eabi/lib/thumb/v7e-m/fpv4-sp/hard/libc_nano.a(lib_a-wbuf.o)
 .debug_info    0x000000000002a2f5      0x993 /usr/lib/gcc/arm-none-eabi/6.3.1/../../../arm-none-eabi/lib/thumb/v7e-m/fpv4-sp/hard/libc_nano.a(lib_a-writer.o)
 .debug_info    0x000000000002ac88      0xb48 /usr/lib/gcc/arm-none-eabi/6.3.1/../../../arm-none-eabi/lib/thumb/v7e-m/fpv4-sp/hard/libc_nano.a(lib_a-wsetup.o)
 .debug_info    0x000000000002b7d0      0x94b /usr/lib/gcc/arm-none-eabi/6.3.1/../../../arm-none-eabi/lib/thumb/v7e-m/fpv4-sp/hard/libc_nano.a(lib_a-closer.o)
 .debug_info    0x000000000002c11b      0xc8a /usr/lib/gcc/arm-none-eabi/6.3.1/../../../arm-none-eabi/lib/thumb/v7e-m/fpv4-sp/hard/libc_nano.a(lib_a-fflush.o)
 .debug_info    0x000000000002cda5      0xe12 /usr/lib/gcc/arm-none-eabi/6.3.1/../../../arm-none-eabi/lib/thumb/v7e-m/fpv4-sp/hard/libc_nano.a(lib_a-fvwrite.o)
 .debug_info    0x000000000002dbb7      0x976 /usr/lib/gcc/arm-none-eabi/6.3.1/../../../arm-none-eabi/lib/thumb/v7e-m/fpv4-sp/hard/libc_nano.a(lib_a-lseekr.o)
 .debug_info    0x000000000002e52d      0xe43 /usr/lib/gcc/arm-none-eabi/6.3.1/../../../arm-none-eabi/lib/thumb/v7e-m/fpv4-sp/hard/libc_nano.a(lib_a-makebuf.o)
 .debug_info    0x000000000002f370       0xda /usr/lib/gcc/arm-none-eabi/6.3.1/../../../arm-none-eabi/lib/thumb/v7e-m/fpv4-sp/hard/libc_nano.a(lib_a-memchr.o)
 .debug_info    0x000000000002f44a      0x925 /usr/lib/gcc/arm-none-eabi/6.3.1/../../../arm-none-eabi/lib/thumb/v7e-m/fpv4-sp/hard/libc_nano.a(lib_a-memmove.o)
 .debug_info    0x000000000002fd6f      0xac0 /usr/lib/gcc/arm-none-eabi/6.3.1/../../../arm-none-eabi/lib/thumb/v7e-m/fpv4-sp/hard/libc_nano.a(lib_a-nano-reallocr.o)
 .debug_info    0x000000000003082f      0x98c /usr/lib/gcc/arm-none-eabi/6.3.1/../../../arm-none-eabi/lib/thumb/v7e-m/fpv4-sp/hard/libc_nano.a(lib_a-readr.o)
 .debug_info    0x00000000000311bb      0xb5d /usr/lib/gcc/arm-none-eabi/6.3.1/../../../arm-none-eabi/lib/thumb/v7e-m/fpv4-sp/hard/libc_nano.a(lib_a-fstatr.o)
 .debug_info    0x0000000000031d18      0x94b /usr/lib/gcc/arm-none-eabi/6.3.1/../../../arm-none-eabi/lib/thumb/v7e-m/fpv4-sp/hard/libc_nano.a(lib_a-isattyr.o)
 .debug_info    0x0000000000032663      0x9f7 /usr/lib/gcc/arm-none-eabi/6.3.1/../../../arm-none-eabi/lib/thumb/v7e-m/fpv4-sp/hard/libc_nano.a(lib_a-nano-msizer.o)
 .debug_info    0x000000000003305a      0x8e1 /usr/lib/gcc/arm-none-eabi/6.3.1/../../../arm-none-eabi/lib/thumb/v7e-m/fpv4-sp/hard/libnosys.a(close.o)
 .debug_info    0x000000000003393b      0xaed /usr/lib/gcc/arm-none-eabi/6.3.1/../../../arm-none-eabi/lib/thumb/v7e-m/fpv4-sp/hard/libnosys.a(fstat.o)
 .debug_info    0x0000000000034428      0x8e1 /usr/lib/gcc/arm-none-eabi/6.3.1/../../../arm-none-eabi/lib/thumb/v7e-m/fpv4-sp/hard/libnosys.a(isatty.o)
 .debug_info    0x0000000000034d09      0x8fd /usr/lib/gcc/arm-none-eabi/6.3.1/../../../arm-none-eabi/lib/thumb/v7e-m/fpv4-sp/hard/libnosys.a(lseek.o)
 .debug_info    0x0000000000035606      0x8fd /usr/lib/gcc/arm-none-eabi/6.3.1/../../../arm-none-eabi/lib/thumb/v7e-m/fpv4-sp/hard/libnosys.a(read.o)
 .debug_info    0x0000000000035f03       0x90 /usr/lib/gcc/arm-none-eabi/6.3.1/../../../arm-none-eabi/lib/thumb/v7e-m/fpv4-sp/hard/libnosys.a(sbrk.o)
 .debug_info    0x0000000000035f93      0x8fd /usr/lib/gcc/arm-none-eabi/6.3.1/../../../arm-none-eabi/lib/thumb/v7e-m/fpv4-sp/hard/libnosys.a(write.o)
 .debug_info    0x0000000000036890       0xcf /usr/lib/gcc/arm-none-eabi/6.3.1/thumb/v7e-m/fpv4-sp/hard/libgcc.a(_aeabi_uldivmod.o)
 .debug_info    0x000000000003695f      0xc24 /usr/lib/gcc/arm-none-eabi/6.3.1/thumb/v7e-m/fpv4-sp/hard/libgcc.a(_udivmoddi4.o)
 .debug_info    0x0000000000037583       0xd3 /usr/lib/gcc/arm-none-eabi/6.3.1/thumb/v7e-m/fpv4-sp/hard/libgcc.a(_dvmd_tls.o)

.debug_abbrev   0x0000000000000000     0x82cf
 .debug_abbrev  0x0000000000000000      0x35c build/main.o
 .debug_abbrev  0x000000000000035c      0x1af build/stm32f7xx_it.o
 .debug_abbrev  0x000000000000050b      0x1b0 build/stm32f7xx_hal_msp.o
 .debug_abbrev  0x00000000000006bb      0x33b build/stm32f7xx_hal_cortex.o
 .debug_abbrev  0x00000000000009f6      0x270 build/stm32f7xx_hal_tim.o
 .debug_abbrev  0x0000000000000c66      0x269 build/stm32f7xx_hal_tim_ex.o
 .debug_abbrev  0x0000000000000ecf      0x259 build/stm32f7xx_hal_rcc.o
 .debug_abbrev  0x0000000000001128      0x1cd build/stm32f7xx_hal_rcc_ex.o
 .debug_abbrev  0x00000000000012f5      0x21a build/stm32f7xx_hal_gpio.o
 .debug_abbrev  0x000000000000150f      0x1af build/stm32f7xx_hal_pwr_ex.o
 .debug_abbrev  0x00000000000016be      0x1eb build/stm32f7xx_hal.o
 .debug_abbrev  0x00000000000018a9      0x135 build/system_stm32f7xx.o
 .debug_abbrev  0x00000000000019de      0x1f8 build/usb_device.o
 .debug_abbrev  0x0000000000001bd6      0x311 build/usbd_conf.o
 .debug_abbrev  0x0000000000001ee7      0x292 build/usbd_desc.o
 .debug_abbrev  0x0000000000002179      0x2c0 build/usbd_cdc_if.o
 .debug_abbrev  0x0000000000002439      0x29c build/stm32f7xx_hal_pcd.o
 .debug_abbrev  0x00000000000026d5      0x1bd build/stm32f7xx_hal_pcd_ex.o
 .debug_abbrev  0x0000000000002892      0x2c8 build/stm32f7xx_ll_usb.o
 .debug_abbrev  0x0000000000002b5a      0x2dd build/usbd_core.o
 .debug_abbrev  0x0000000000002e37      0x31a build/usbd_ctlreq.o
 .debug_abbrev  0x0000000000003151      0x1ec build/usbd_ioreq.o
 .debug_abbrev  0x000000000000333d      0x33d build/usbd_cdc.o
 .debug_abbrev  0x000000000000367a       0x12 build/startup_stm32f746xx.o
 .debug_abbrev  0x000000000000368c      0x153 /usr/lib/gcc/arm-none-eabi/6.3.1/../../../arm-none-eabi/lib/thumb/v7e-m/fpv4-sp/hard/libc_nano.a(lib_a-impure.o)
 .debug_abbrev  0x00000000000037df       0xba /usr/lib/gcc/arm-none-eabi/6.3.1/../../../arm-none-eabi/lib/thumb/v7e-m/fpv4-sp/hard/libc_nano.a(lib_a-init.o)
 .debug_abbrev  0x0000000000003899      0x1c0 /usr/lib/gcc/arm-none-eabi/6.3.1/../../../arm-none-eabi/lib/thumb/v7e-m/fpv4-sp/hard/libc_nano.a(lib_a-malloc.o)
 .debug_abbrev  0x0000000000003a59       0x14 /usr/lib/gcc/arm-none-eabi/6.3.1/../../../arm-none-eabi/lib/thumb/v7e-m/fpv4-sp/hard/libc_nano.a(lib_a-memcpy.o)
 .debug_abbrev  0x0000000000003a6d      0x197 /usr/lib/gcc/arm-none-eabi/6.3.1/../../../arm-none-eabi/lib/thumb/v7e-m/fpv4-sp/hard/libc_nano.a(lib_a-memset.o)
 .debug_abbrev  0x0000000000003c04      0x1ef /usr/lib/gcc/arm-none-eabi/6.3.1/../../../arm-none-eabi/lib/thumb/v7e-m/fpv4-sp/hard/libc_nano.a(lib_a-nano-freer.o)
 .debug_abbrev  0x0000000000003df3      0x274 /usr/lib/gcc/arm-none-eabi/6.3.1/../../../arm-none-eabi/lib/thumb/v7e-m/fpv4-sp/hard/libc_nano.a(lib_a-nano-mallocr.o)
 .debug_abbrev  0x0000000000004067      0x244 /usr/lib/gcc/arm-none-eabi/6.3.1/../../../arm-none-eabi/lib/thumb/v7e-m/fpv4-sp/hard/libc_nano.a(lib_a-printf.o)
 .debug_abbrev  0x00000000000042ab      0x210 /usr/lib/gcc/arm-none-eabi/6.3.1/../../../arm-none-eabi/lib/thumb/v7e-m/fpv4-sp/hard/libc_nano.a(lib_a-putchar.o)
 .debug_abbrev  0x00000000000044bb      0x1eb /usr/lib/gcc/arm-none-eabi/6.3.1/../../../arm-none-eabi/lib/thumb/v7e-m/fpv4-sp/hard/libc_nano.a(lib_a-rand.o)
 .debug_abbrev  0x00000000000046a6      0x1d6 /usr/lib/gcc/arm-none-eabi/6.3.1/../../../arm-none-eabi/lib/thumb/v7e-m/fpv4-sp/hard/libc_nano.a(lib_a-sbrkr.o)
 .debug_abbrev  0x000000000000487c      0x364 /usr/lib/gcc/arm-none-eabi/6.3.1/../../../arm-none-eabi/lib/thumb/v7e-m/fpv4-sp/hard/libc_nano.a(lib_a-findfp.o)
 .debug_abbrev  0x0000000000004be0      0x1d4 /usr/lib/gcc/arm-none-eabi/6.3.1/../../../arm-none-eabi/lib/thumb/v7e-m/fpv4-sp/hard/libc_nano.a(lib_a-fwalk.o)
 .debug_abbrev  0x0000000000004db4      0x2eb /usr/lib/gcc/arm-none-eabi/6.3.1/../../../arm-none-eabi/lib/thumb/v7e-m/fpv4-sp/hard/libc_nano.a(lib_a-nano-vfprintf.o)